2026-03-04 15:05:58,058 | INFO | Loading faiss with AVX2 support.
2026-03-04 15:05:58,186 | INFO | Successfully loaded faiss with AVX2 support.
2026-03-04 15:05:58,217 | INFO | Use pytorch device_name: cpu
2026-03-04 15:05:58,217 | INFO | Load pretrained SentenceTransformer: sentence-transformers/all-mpnet-base-v2
2026-03-04 15:05:59,113 | INFO | HTTP Request: HEAD https://huggingface.co/sentence-transformers/all-mpnet-base-v2/resolve/main/modules.json "HTTP/1.1 307 Temporary Redirect"
2026-03-04 15:05:59,143 | INFO | HTTP Request: HEAD https://huggingface.co/api/resolve-cache/models/sentence-transformers/all-mpnet-base-v2/e8c3b32edf5434bc2275fc9bab85f82640a19130/modules.json "HTTP/1.1 200 OK"
2026-03-04 15:05:59,387 | INFO | HTTP Request: HEAD https://huggingface.co/sentence-transformers/all-mpnet-base-v2/resolve/main/config_sentence_transformers.json "HTTP/1.1 307 Temporary Redirect"
2026-03-04 15:05:59,903 | INFO | HTTP Request: HEAD https://huggingface.co/api/resolve-cache/models/sentence-transformers/all-mpnet-base-v2/e8c3b32edf5434bc2275fc9bab85f82640a19130/config_sentence_transformers.json "HTTP/1.1 200 OK"
2026-03-04 15:06:00,141 | INFO | HTTP Request: HEAD https://huggingface.co/sentence-transformers/all-mpnet-base-v2/resolve/main/config_sentence_transformers.json "HTTP/1.1 307 Temporary Redirect"
2026-03-04 15:06:00,143 | WARNING | Warning: You are sending unauthenticated requests to the HF Hub. Please set a HF_TOKEN to enable higher rate limits and faster downloads.
2026-03-04 15:06:00,180 | INFO | HTTP Request: HEAD https://huggingface.co/api/resolve-cache/models/sentence-transformers/all-mpnet-base-v2/e8c3b32edf5434bc2275fc9bab85f82640a19130/config_sentence_transformers.json "HTTP/1.1 200 OK"
2026-03-04 15:06:00,477 | INFO | HTTP Request: HEAD https://huggingface.co/sentence-transformers/all-mpnet-base-v2/resolve/main/README.md "HTTP/1.1 307 Temporary Redirect"
2026-03-04 15:06:00,503 | INFO | HTTP Request: HEAD https://huggingface.co/api/resolve-cache/models/sentence-transformers/all-mpnet-base-v2/e8c3b32edf5434bc2275fc9bab85f82640a19130/README.md "HTTP/1.1 200 OK"
2026-03-04 15:06:01,445 | INFO | HTTP Request: HEAD https://huggingface.co/sentence-transformers/all-mpnet-base-v2/resolve/main/modules.json "HTTP/1.1 307 Temporary Redirect"
2026-03-04 15:06:01,480 | INFO | HTTP Request: HEAD https://huggingface.co/api/resolve-cache/models/sentence-transformers/all-mpnet-base-v2/e8c3b32edf5434bc2275fc9bab85f82640a19130/modules.json "HTTP/1.1 200 OK"
2026-03-04 15:06:01,722 | INFO | HTTP Request: HEAD https://huggingface.co/sentence-transformers/all-mpnet-base-v2/resolve/main/sentence_bert_config.json "HTTP/1.1 307 Temporary Redirect"
2026-03-04 15:06:01,758 | INFO | HTTP Request: HEAD https://huggingface.co/api/resolve-cache/models/sentence-transformers/all-mpnet-base-v2/e8c3b32edf5434bc2275fc9bab85f82640a19130/sentence_bert_config.json "HTTP/1.1 200 OK"
2026-03-04 15:06:01,992 | INFO | HTTP Request: HEAD https://huggingface.co/sentence-transformers/all-mpnet-base-v2/resolve/main/adapter_config.json "HTTP/1.1 404 Not Found"
2026-03-04 15:06:02,241 | INFO | HTTP Request: HEAD https://huggingface.co/sentence-transformers/all-mpnet-base-v2/resolve/main/config.json "HTTP/1.1 307 Temporary Redirect"
2026-03-04 15:06:02,276 | INFO | HTTP Request: HEAD https://huggingface.co/api/resolve-cache/models/sentence-transformers/all-mpnet-base-v2/e8c3b32edf5434bc2275fc9bab85f82640a19130/config.json "HTTP/1.1 200 OK"
2026-03-04 15:06:03,266 | INFO | HTTP Request: HEAD https://huggingface.co/sentence-transformers/all-mpnet-base-v2/resolve/main/config.json "HTTP/1.1 307 Temporary Redirect"
2026-03-04 15:06:03,295 | INFO | HTTP Request: HEAD https://huggingface.co/api/resolve-cache/models/sentence-transformers/all-mpnet-base-v2/e8c3b32edf5434bc2275fc9bab85f82640a19130/config.json "HTTP/1.1 200 OK"
2026-03-04 15:06:03,676 | INFO | HTTP Request: HEAD https://huggingface.co/sentence-transformers/all-mpnet-base-v2/resolve/main/tokenizer_config.json "HTTP/1.1 307 Temporary Redirect"
2026-03-04 15:06:03,710 | INFO | HTTP Request: HEAD https://huggingface.co/api/resolve-cache/models/sentence-transformers/all-mpnet-base-v2/e8c3b32edf5434bc2275fc9bab85f82640a19130/tokenizer_config.json "HTTP/1.1 200 OK"
2026-03-04 15:06:03,997 | INFO | HTTP Request: GET https://huggingface.co/api/models/sentence-transformers/all-mpnet-base-v2/tree/main/additional_chat_templates?recursive=false&expand=false "HTTP/1.1 404 Not Found"
2026-03-04 15:06:04,247 | INFO | HTTP Request: GET https://huggingface.co/api/models/sentence-transformers/all-mpnet-base-v2/tree/main?recursive=true&expand=false "HTTP/1.1 200 OK"
2026-03-04 15:06:04,797 | INFO | HTTP Request: HEAD https://huggingface.co/sentence-transformers/all-mpnet-base-v2/resolve/main/1_Pooling/config.json "HTTP/1.1 307 Temporary Redirect"
2026-03-04 15:06:04,830 | INFO | HTTP Request: HEAD https://huggingface.co/api/resolve-cache/models/sentence-transformers/all-mpnet-base-v2/e8c3b32edf5434bc2275fc9bab85f82640a19130/1_Pooling%2Fconfig.json "HTTP/1.1 200 OK"
2026-03-04 15:06:05,111 | INFO | HTTP Request: GET https://huggingface.co/api/models/sentence-transformers/all-mpnet-base-v2 "HTTP/1.1 200 OK"
2026-03-04 15:22:10,492 | INFO | HTTP Request: HEAD https://huggingface.co/google/flan-t5-base/resolve/main/config.json "HTTP/1.1 307 Temporary Redirect"
2026-03-04 15:22:10,527 | INFO | HTTP Request: HEAD https://huggingface.co/api/resolve-cache/models/google/flan-t5-base/7bcac572ce56db69c1ea7c8af255c5d7c9672fc2/config.json "HTTP/1.1 200 OK"
2026-03-04 15:22:10,815 | INFO | HTTP Request: HEAD https://huggingface.co/google/flan-t5-base/resolve/main/tokenizer_config.json "HTTP/1.1 307 Temporary Redirect"
2026-03-04 15:22:10,859 | INFO | HTTP Request: HEAD https://huggingface.co/api/resolve-cache/models/google/flan-t5-base/7bcac572ce56db69c1ea7c8af255c5d7c9672fc2/tokenizer_config.json "HTTP/1.1 200 OK"
2026-03-04 15:22:11,131 | INFO | HTTP Request: GET https://huggingface.co/api/models/google/flan-t5-base/tree/main/additional_chat_templates?recursive=false&expand=false "HTTP/1.1 404 Not Found"
2026-03-04 15:22:11,451 | INFO | HTTP Request: GET https://huggingface.co/api/models/google/flan-t5-base/tree/main?recursive=true&expand=false "HTTP/1.1 200 OK"
2026-03-04 15:22:12,256 | INFO | HTTP Request: HEAD https://huggingface.co/google/flan-t5-base/resolve/main/config.json "HTTP/1.1 307 Temporary Redirect"
2026-03-04 15:22:12,289 | INFO | HTTP Request: HEAD https://huggingface.co/api/resolve-cache/models/google/flan-t5-base/7bcac572ce56db69c1ea7c8af255c5d7c9672fc2/config.json "HTTP/1.1 200 OK"
2026-03-04 15:22:13,007 | INFO | HTTP Request: HEAD https://huggingface.co/google/flan-t5-base/resolve/main/generation_config.json "HTTP/1.1 307 Temporary Redirect"
2026-03-04 15:22:13,077 | INFO | HTTP Request: HEAD https://huggingface.co/api/resolve-cache/models/google/flan-t5-base/7bcac572ce56db69c1ea7c8af255c5d7c9672fc2/generation_config.json "HTTP/1.1 200 OK"
2026-03-04 15:22:13,113 | INFO | Loading faiss with AVX2 support.
2026-03-04 15:22:13,200 | INFO | Successfully loaded faiss with AVX2 support.
2026-03-04 15:22:13,218 | INFO | Use pytorch device_name: cpu
2026-03-04 15:22:13,218 | INFO | Load pretrained SentenceTransformer: sentence-transformers/all-mpnet-base-v2
2026-03-04 15:22:13,545 | INFO | HTTP Request: HEAD https://huggingface.co/sentence-transformers/all-mpnet-base-v2/resolve/main/modules.json "HTTP/1.1 307 Temporary Redirect"
2026-03-04 15:22:13,545 | WARNING | Warning: You are sending unauthenticated requests to the HF Hub. Please set a HF_TOKEN to enable higher rate limits and faster downloads.
2026-03-04 15:22:13,618 | INFO | HTTP Request: HEAD https://huggingface.co/api/resolve-cache/models/sentence-transformers/all-mpnet-base-v2/e8c3b32edf5434bc2275fc9bab85f82640a19130/modules.json "HTTP/1.1 200 OK"
2026-03-04 15:22:13,869 | INFO | HTTP Request: HEAD https://huggingface.co/sentence-transformers/all-mpnet-base-v2/resolve/main/config_sentence_transformers.json "HTTP/1.1 307 Temporary Redirect"
2026-03-04 15:22:13,924 | INFO | HTTP Request: HEAD https://huggingface.co/api/resolve-cache/models/sentence-transformers/all-mpnet-base-v2/e8c3b32edf5434bc2275fc9bab85f82640a19130/config_sentence_transformers.json "HTTP/1.1 200 OK"
2026-03-04 15:22:14,205 | INFO | HTTP Request: HEAD https://huggingface.co/sentence-transformers/all-mpnet-base-v2/resolve/main/config_sentence_transformers.json "HTTP/1.1 307 Temporary Redirect"
2026-03-04 15:22:14,276 | INFO | HTTP Request: HEAD https://huggingface.co/api/resolve-cache/models/sentence-transformers/all-mpnet-base-v2/e8c3b32edf5434bc2275fc9bab85f82640a19130/config_sentence_transformers.json "HTTP/1.1 200 OK"
2026-03-04 15:22:14,665 | INFO | HTTP Request: HEAD https://huggingface.co/sentence-transformers/all-mpnet-base-v2/resolve/main/README.md "HTTP/1.1 307 Temporary Redirect"
2026-03-04 15:22:14,726 | INFO | HTTP Request: HEAD https://huggingface.co/api/resolve-cache/models/sentence-transformers/all-mpnet-base-v2/e8c3b32edf5434bc2275fc9bab85f82640a19130/README.md "HTTP/1.1 200 OK"
2026-03-04 15:22:14,986 | INFO | HTTP Request: HEAD https://huggingface.co/sentence-transformers/all-mpnet-base-v2/resolve/main/modules.json "HTTP/1.1 307 Temporary Redirect"
2026-03-04 15:22:15,027 | INFO | HTTP Request: HEAD https://huggingface.co/api/resolve-cache/models/sentence-transformers/all-mpnet-base-v2/e8c3b32edf5434bc2275fc9bab85f82640a19130/modules.json "HTTP/1.1 200 OK"
2026-03-04 15:22:15,316 | INFO | HTTP Request: HEAD https://huggingface.co/sentence-transformers/all-mpnet-base-v2/resolve/main/sentence_bert_config.json "HTTP/1.1 307 Temporary Redirect"
2026-03-04 15:22:15,352 | INFO | HTTP Request: HEAD https://huggingface.co/api/resolve-cache/models/sentence-transformers/all-mpnet-base-v2/e8c3b32edf5434bc2275fc9bab85f82640a19130/sentence_bert_config.json "HTTP/1.1 200 OK"
2026-03-04 15:22:15,596 | INFO | HTTP Request: HEAD https://huggingface.co/sentence-transformers/all-mpnet-base-v2/resolve/main/adapter_config.json "HTTP/1.1 404 Not Found"
2026-03-04 15:22:15,845 | INFO | HTTP Request: HEAD https://huggingface.co/sentence-transformers/all-mpnet-base-v2/resolve/main/config.json "HTTP/1.1 307 Temporary Redirect"
2026-03-04 15:22:15,897 | INFO | HTTP Request: HEAD https://huggingface.co/api/resolve-cache/models/sentence-transformers/all-mpnet-base-v2/e8c3b32edf5434bc2275fc9bab85f82640a19130/config.json "HTTP/1.1 200 OK"
2026-03-04 15:22:16,469 | INFO | HTTP Request: HEAD https://huggingface.co/sentence-transformers/all-mpnet-base-v2/resolve/main/config.json "HTTP/1.1 307 Temporary Redirect"
2026-03-04 15:22:16,508 | INFO | HTTP Request: HEAD https://huggingface.co/api/resolve-cache/models/sentence-transformers/all-mpnet-base-v2/e8c3b32edf5434bc2275fc9bab85f82640a19130/config.json "HTTP/1.1 200 OK"
2026-03-04 15:22:16,790 | INFO | HTTP Request: HEAD https://huggingface.co/sentence-transformers/all-mpnet-base-v2/resolve/main/tokenizer_config.json "HTTP/1.1 307 Temporary Redirect"
2026-03-04 15:22:16,843 | INFO | HTTP Request: HEAD https://huggingface.co/api/resolve-cache/models/sentence-transformers/all-mpnet-base-v2/e8c3b32edf5434bc2275fc9bab85f82640a19130/tokenizer_config.json "HTTP/1.1 200 OK"
2026-03-04 15:22:17,109 | INFO | HTTP Request: GET https://huggingface.co/api/models/sentence-transformers/all-mpnet-base-v2/tree/main/additional_chat_templates?recursive=false&expand=false "HTTP/1.1 404 Not Found"
2026-03-04 15:22:17,430 | INFO | HTTP Request: GET https://huggingface.co/api/models/sentence-transformers/all-mpnet-base-v2/tree/main?recursive=true&expand=false "HTTP/1.1 200 OK"
2026-03-04 15:22:17,914 | INFO | HTTP Request: HEAD https://huggingface.co/sentence-transformers/all-mpnet-base-v2/resolve/main/1_Pooling/config.json "HTTP/1.1 307 Temporary Redirect"
2026-03-04 15:22:17,963 | INFO | HTTP Request: HEAD https://huggingface.co/api/resolve-cache/models/sentence-transformers/all-mpnet-base-v2/e8c3b32edf5434bc2275fc9bab85f82640a19130/1_Pooling%2Fconfig.json "HTTP/1.1 200 OK"
2026-03-04 15:22:18,220 | INFO | HTTP Request: GET https://huggingface.co/api/models/sentence-transformers/all-mpnet-base-v2 "HTTP/1.1 200 OK"
2026-03-04 15:23:27,644 | INFO | QUERY: How many cities does Swiggy operate in? | ANSWER: 653
2026-03-04 15:26:54,782 | INFO | HTTP Request: HEAD https://huggingface.co/google/flan-t5-base/resolve/main/config.json "HTTP/1.1 307 Temporary Redirect"
2026-03-04 15:26:54,843 | INFO | HTTP Request: HEAD https://huggingface.co/api/resolve-cache/models/google/flan-t5-base/7bcac572ce56db69c1ea7c8af255c5d7c9672fc2/config.json "HTTP/1.1 200 OK"
2026-03-04 15:26:55,256 | INFO | HTTP Request: HEAD https://huggingface.co/google/flan-t5-base/resolve/main/tokenizer_config.json "HTTP/1.1 307 Temporary Redirect"
2026-03-04 15:26:55,307 | INFO | HTTP Request: HEAD https://huggingface.co/api/resolve-cache/models/google/flan-t5-base/7bcac572ce56db69c1ea7c8af255c5d7c9672fc2/tokenizer_config.json "HTTP/1.1 200 OK"
2026-03-04 15:26:55,574 | INFO | HTTP Request: GET https://huggingface.co/api/models/google/flan-t5-base/tree/main/additional_chat_templates?recursive=false&expand=false "HTTP/1.1 404 Not Found"
2026-03-04 15:26:55,830 | INFO | HTTP Request: GET https://huggingface.co/api/models/google/flan-t5-base/tree/main?recursive=true&expand=false "HTTP/1.1 200 OK"
2026-03-04 15:26:56,550 | INFO | HTTP Request: HEAD https://huggingface.co/google/flan-t5-base/resolve/main/config.json "HTTP/1.1 307 Temporary Redirect"
2026-03-04 15:26:56,579 | INFO | HTTP Request: HEAD https://huggingface.co/api/resolve-cache/models/google/flan-t5-base/7bcac572ce56db69c1ea7c8af255c5d7c9672fc2/config.json "HTTP/1.1 200 OK"
2026-03-04 15:26:57,266 | INFO | HTTP Request: HEAD https://huggingface.co/google/flan-t5-base/resolve/main/generation_config.json "HTTP/1.1 307 Temporary Redirect"
2026-03-04 15:26:57,267 | WARNING | Warning: You are sending unauthenticated requests to the HF Hub. Please set a HF_TOKEN to enable higher rate limits and faster downloads.
2026-03-04 15:26:57,311 | INFO | HTTP Request: HEAD https://huggingface.co/api/resolve-cache/models/google/flan-t5-base/7bcac572ce56db69c1ea7c8af255c5d7c9672fc2/generation_config.json "HTTP/1.1 200 OK"
2026-03-04 15:26:57,331 | INFO | Loading faiss with AVX2 support.
2026-03-04 15:26:57,412 | INFO | Successfully loaded faiss with AVX2 support.
2026-03-04 15:26:57,433 | INFO | Use pytorch device_name: cpu
2026-03-04 15:26:57,433 | INFO | Load pretrained SentenceTransformer: sentence-transformers/all-mpnet-base-v2
2026-03-04 15:26:57,817 | INFO | HTTP Request: HEAD https://huggingface.co/sentence-transformers/all-mpnet-base-v2/resolve/main/modules.json "HTTP/1.1 307 Temporary Redirect"
2026-03-04 15:26:57,869 | INFO | HTTP Request: HEAD https://huggingface.co/api/resolve-cache/models/sentence-transformers/all-mpnet-base-v2/e8c3b32edf5434bc2275fc9bab85f82640a19130/modules.json "HTTP/1.1 200 OK"
2026-03-04 15:26:58,138 | INFO | HTTP Request: HEAD https://huggingface.co/sentence-transformers/all-mpnet-base-v2/resolve/main/config_sentence_transformers.json "HTTP/1.1 307 Temporary Redirect"
2026-03-04 15:26:58,173 | INFO | HTTP Request: HEAD https://huggingface.co/api/resolve-cache/models/sentence-transformers/all-mpnet-base-v2/e8c3b32edf5434bc2275fc9bab85f82640a19130/config_sentence_transformers.json "HTTP/1.1 200 OK"
2026-03-04 15:26:58,456 | INFO | HTTP Request: HEAD https://huggingface.co/sentence-transformers/all-mpnet-base-v2/resolve/main/config_sentence_transformers.json "HTTP/1.1 307 Temporary Redirect"
2026-03-04 15:26:58,493 | INFO | HTTP Request: HEAD https://huggingface.co/api/resolve-cache/models/sentence-transformers/all-mpnet-base-v2/e8c3b32edf5434bc2275fc9bab85f82640a19130/config_sentence_transformers.json "HTTP/1.1 200 OK"
2026-03-04 15:26:58,775 | INFO | HTTP Request: HEAD https://huggingface.co/sentence-transformers/all-mpnet-base-v2/resolve/main/README.md "HTTP/1.1 307 Temporary Redirect"
2026-03-04 15:26:58,817 | INFO | HTTP Request: HEAD https://huggingface.co/api/resolve-cache/models/sentence-transformers/all-mpnet-base-v2/e8c3b32edf5434bc2275fc9bab85f82640a19130/README.md "HTTP/1.1 200 OK"
2026-03-04 15:26:59,099 | INFO | HTTP Request: HEAD https://huggingface.co/sentence-transformers/all-mpnet-base-v2/resolve/main/modules.json "HTTP/1.1 307 Temporary Redirect"
2026-03-04 15:26:59,149 | INFO | HTTP Request: HEAD https://huggingface.co/api/resolve-cache/models/sentence-transformers/all-mpnet-base-v2/e8c3b32edf5434bc2275fc9bab85f82640a19130/modules.json "HTTP/1.1 200 OK"
2026-03-04 15:26:59,380 | INFO | HTTP Request: HEAD https://huggingface.co/sentence-transformers/all-mpnet-base-v2/resolve/main/sentence_bert_config.json "HTTP/1.1 307 Temporary Redirect"
2026-03-04 15:26:59,434 | INFO | HTTP Request: HEAD https://huggingface.co/api/resolve-cache/models/sentence-transformers/all-mpnet-base-v2/e8c3b32edf5434bc2275fc9bab85f82640a19130/sentence_bert_config.json "HTTP/1.1 200 OK"
2026-03-04 15:26:59,660 | INFO | HTTP Request: HEAD https://huggingface.co/sentence-transformers/all-mpnet-base-v2/resolve/main/adapter_config.json "HTTP/1.1 404 Not Found"
2026-03-04 15:26:59,912 | INFO | HTTP Request: HEAD https://huggingface.co/sentence-transformers/all-mpnet-base-v2/resolve/main/config.json "HTTP/1.1 307 Temporary Redirect"
2026-03-04 15:26:59,947 | INFO | HTTP Request: HEAD https://huggingface.co/api/resolve-cache/models/sentence-transformers/all-mpnet-base-v2/e8c3b32edf5434bc2275fc9bab85f82640a19130/config.json "HTTP/1.1 200 OK"
2026-03-04 15:27:00,535 | INFO | HTTP Request: HEAD https://huggingface.co/sentence-transformers/all-mpnet-base-v2/resolve/main/config.json "HTTP/1.1 307 Temporary Redirect"
2026-03-04 15:27:00,574 | INFO | HTTP Request: HEAD https://huggingface.co/api/resolve-cache/models/sentence-transformers/all-mpnet-base-v2/e8c3b32edf5434bc2275fc9bab85f82640a19130/config.json "HTTP/1.1 200 OK"
2026-03-04 15:27:00,856 | INFO | HTTP Request: HEAD https://huggingface.co/sentence-transformers/all-mpnet-base-v2/resolve/main/tokenizer_config.json "HTTP/1.1 307 Temporary Redirect"
2026-03-04 15:27:00,898 | INFO | HTTP Request: HEAD https://huggingface.co/api/resolve-cache/models/sentence-transformers/all-mpnet-base-v2/e8c3b32edf5434bc2275fc9bab85f82640a19130/tokenizer_config.json "HTTP/1.1 200 OK"
2026-03-04 15:27:01,175 | INFO | HTTP Request: GET https://huggingface.co/api/models/sentence-transformers/all-mpnet-base-v2/tree/main/additional_chat_templates?recursive=false&expand=false "HTTP/1.1 404 Not Found"
2026-03-04 15:27:01,496 | INFO | HTTP Request: GET https://huggingface.co/api/models/sentence-transformers/all-mpnet-base-v2/tree/main?recursive=true&expand=false "HTTP/1.1 200 OK"
2026-03-04 15:27:01,844 | INFO | HTTP Request: HEAD https://huggingface.co/sentence-transformers/all-mpnet-base-v2/resolve/main/1_Pooling/config.json "HTTP/1.1 307 Temporary Redirect"
2026-03-04 15:27:01,879 | INFO | HTTP Request: HEAD https://huggingface.co/api/resolve-cache/models/sentence-transformers/all-mpnet-base-v2/e8c3b32edf5434bc2275fc9bab85f82640a19130/1_Pooling%2Fconfig.json "HTTP/1.1 200 OK"
2026-03-04 15:27:02,135 | INFO | HTTP Request: GET https://huggingface.co/api/models/sentence-transformers/all-mpnet-base-v2 "HTTP/1.1 200 OK"
2026-03-04 15:27:48,867 | INFO | QUERY: How many cities does Swiggy operate in? | ANSWER: 653
2026-03-04 15:28:24,805 | INFO | QUERY: Who is the Managing Director and Group CEO? | ANSWER: Mr. Sriharsha Majety
2026-03-04 15:29:55,523 | INFO | QUERY: Who is the CEO of India? | ANSWER: Sriharsha Majety
2026-03-04 15:33:19,234 | INFO | QUERY: Who is the CEO of India? | ANSWER: Sriharsha Majety
2026-03-04 15:35:38,830 | INFO | HTTP Request: HEAD https://huggingface.co/google/flan-t5-base/resolve/main/config.json "HTTP/1.1 307 Temporary Redirect"
2026-03-04 15:35:38,832 | WARNING | Warning: You are sending unauthenticated requests to the HF Hub. Please set a HF_TOKEN to enable higher rate limits and faster downloads.
2026-03-04 15:35:38,860 | INFO | HTTP Request: HEAD https://huggingface.co/api/resolve-cache/models/google/flan-t5-base/7bcac572ce56db69c1ea7c8af255c5d7c9672fc2/config.json "HTTP/1.1 200 OK"
2026-03-04 15:35:39,150 | INFO | HTTP Request: HEAD https://huggingface.co/google/flan-t5-base/resolve/main/tokenizer_config.json "HTTP/1.1 307 Temporary Redirect"
2026-03-04 15:35:39,185 | INFO | HTTP Request: HEAD https://huggingface.co/api/resolve-cache/models/google/flan-t5-base/7bcac572ce56db69c1ea7c8af255c5d7c9672fc2/tokenizer_config.json "HTTP/1.1 200 OK"
2026-03-04 15:35:39,468 | INFO | HTTP Request: GET https://huggingface.co/api/models/google/flan-t5-base/tree/main/additional_chat_templates?recursive=false&expand=false "HTTP/1.1 404 Not Found"
2026-03-04 15:35:39,790 | INFO | HTTP Request: GET https://huggingface.co/api/models/google/flan-t5-base/tree/main?recursive=true&expand=false "HTTP/1.1 200 OK"
2026-03-04 15:35:40,589 | INFO | HTTP Request: HEAD https://huggingface.co/google/flan-t5-base/resolve/main/config.json "HTTP/1.1 307 Temporary Redirect"
2026-03-04 15:35:40,636 | INFO | HTTP Request: HEAD https://huggingface.co/api/resolve-cache/models/google/flan-t5-base/7bcac572ce56db69c1ea7c8af255c5d7c9672fc2/config.json "HTTP/1.1 200 OK"
2026-03-04 15:35:41,389 | INFO | HTTP Request: HEAD https://huggingface.co/google/flan-t5-base/resolve/main/generation_config.json "HTTP/1.1 307 Temporary Redirect"
2026-03-04 15:35:41,439 | INFO | HTTP Request: HEAD https://huggingface.co/api/resolve-cache/models/google/flan-t5-base/7bcac572ce56db69c1ea7c8af255c5d7c9672fc2/generation_config.json "HTTP/1.1 200 OK"
2026-03-04 15:35:41,460 | INFO | Loading faiss with AVX2 support.
2026-03-04 15:35:41,547 | INFO | Successfully loaded faiss with AVX2 support.
2026-03-04 15:35:41,573 | INFO | Use pytorch device_name: cpu
2026-03-04 15:35:41,573 | INFO | Load pretrained SentenceTransformer: sentence-transformers/all-mpnet-base-v2
2026-03-04 15:35:41,868 | INFO | HTTP Request: HEAD https://huggingface.co/sentence-transformers/all-mpnet-base-v2/resolve/main/modules.json "HTTP/1.1 307 Temporary Redirect"
2026-03-04 15:35:41,902 | INFO | HTTP Request: HEAD https://huggingface.co/api/resolve-cache/models/sentence-transformers/all-mpnet-base-v2/e8c3b32edf5434bc2275fc9bab85f82640a19130/modules.json "HTTP/1.1 200 OK"
2026-03-04 15:35:42,189 | INFO | HTTP Request: HEAD https://huggingface.co/sentence-transformers/all-mpnet-base-v2/resolve/main/config_sentence_transformers.json "HTTP/1.1 307 Temporary Redirect"
2026-03-04 15:35:42,218 | INFO | HTTP Request: HEAD https://huggingface.co/api/resolve-cache/models/sentence-transformers/all-mpnet-base-v2/e8c3b32edf5434bc2275fc9bab85f82640a19130/config_sentence_transformers.json "HTTP/1.1 200 OK"
2026-03-04 15:35:42,511 | INFO | HTTP Request: HEAD https://huggingface.co/sentence-transformers/all-mpnet-base-v2/resolve/main/config_sentence_transformers.json "HTTP/1.1 307 Temporary Redirect"
2026-03-04 15:35:42,552 | INFO | HTTP Request: HEAD https://huggingface.co/api/resolve-cache/models/sentence-transformers/all-mpnet-base-v2/e8c3b32edf5434bc2275fc9bab85f82640a19130/config_sentence_transformers.json "HTTP/1.1 200 OK"
2026-03-04 15:35:42,829 | INFO | HTTP Request: HEAD https://huggingface.co/sentence-transformers/all-mpnet-base-v2/resolve/main/README.md "HTTP/1.1 307 Temporary Redirect"
2026-03-04 15:35:42,858 | INFO | HTTP Request: HEAD https://huggingface.co/api/resolve-cache/models/sentence-transformers/all-mpnet-base-v2/e8c3b32edf5434bc2275fc9bab85f82640a19130/README.md "HTTP/1.1 200 OK"
2026-03-04 15:35:43,349 | INFO | HTTP Request: HEAD https://huggingface.co/sentence-transformers/all-mpnet-base-v2/resolve/main/modules.json "HTTP/1.1 307 Temporary Redirect"
2026-03-04 15:35:43,389 | INFO | HTTP Request: HEAD https://huggingface.co/api/resolve-cache/models/sentence-transformers/all-mpnet-base-v2/e8c3b32edf5434bc2275fc9bab85f82640a19130/modules.json "HTTP/1.1 200 OK"
2026-03-04 15:35:43,629 | INFO | HTTP Request: HEAD https://huggingface.co/sentence-transformers/all-mpnet-base-v2/resolve/main/sentence_bert_config.json "HTTP/1.1 307 Temporary Redirect"
2026-03-04 15:35:43,662 | INFO | HTTP Request: HEAD https://huggingface.co/api/resolve-cache/models/sentence-transformers/all-mpnet-base-v2/e8c3b32edf5434bc2275fc9bab85f82640a19130/sentence_bert_config.json "HTTP/1.1 200 OK"
2026-03-04 15:35:43,949 | INFO | HTTP Request: HEAD https://huggingface.co/sentence-transformers/all-mpnet-base-v2/resolve/main/adapter_config.json "HTTP/1.1 404 Not Found"
2026-03-04 15:35:44,269 | INFO | HTTP Request: HEAD https://huggingface.co/sentence-transformers/all-mpnet-base-v2/resolve/main/config.json "HTTP/1.1 307 Temporary Redirect"
2026-03-04 15:35:44,308 | INFO | HTTP Request: HEAD https://huggingface.co/api/resolve-cache/models/sentence-transformers/all-mpnet-base-v2/e8c3b32edf5434bc2275fc9bab85f82640a19130/config.json "HTTP/1.1 200 OK"
2026-03-04 15:35:44,909 | INFO | HTTP Request: HEAD https://huggingface.co/sentence-transformers/all-mpnet-base-v2/resolve/main/config.json "HTTP/1.1 307 Temporary Redirect"
2026-03-04 15:35:44,970 | INFO | HTTP Request: HEAD https://huggingface.co/api/resolve-cache/models/sentence-transformers/all-mpnet-base-v2/e8c3b32edf5434bc2275fc9bab85f82640a19130/config.json "HTTP/1.1 200 OK"
2026-03-04 15:35:45,354 | INFO | HTTP Request: HEAD https://huggingface.co/sentence-transformers/all-mpnet-base-v2/resolve/main/tokenizer_config.json "HTTP/1.1 307 Temporary Redirect"
2026-03-04 15:35:45,386 | INFO | HTTP Request: HEAD https://huggingface.co/api/resolve-cache/models/sentence-transformers/all-mpnet-base-v2/e8c3b32edf5434bc2275fc9bab85f82640a19130/tokenizer_config.json "HTTP/1.1 200 OK"
2026-03-04 15:35:45,618 | INFO | HTTP Request: GET https://huggingface.co/api/models/sentence-transformers/all-mpnet-base-v2/tree/main/additional_chat_templates?recursive=false&expand=false "HTTP/1.1 404 Not Found"
2026-03-04 15:35:45,870 | INFO | HTTP Request: GET https://huggingface.co/api/models/sentence-transformers/all-mpnet-base-v2/tree/main?recursive=true&expand=false "HTTP/1.1 200 OK"
2026-03-04 15:35:46,349 | INFO | HTTP Request: HEAD https://huggingface.co/sentence-transformers/all-mpnet-base-v2/resolve/main/1_Pooling/config.json "HTTP/1.1 307 Temporary Redirect"
2026-03-04 15:35:46,390 | INFO | HTTP Request: HEAD https://huggingface.co/api/resolve-cache/models/sentence-transformers/all-mpnet-base-v2/e8c3b32edf5434bc2275fc9bab85f82640a19130/1_Pooling%2Fconfig.json "HTTP/1.1 200 OK"
2026-03-04 15:35:46,669 | INFO | HTTP Request: GET https://huggingface.co/api/models/sentence-transformers/all-mpnet-base-v2 "HTTP/1.1 200 OK"
2026-03-04 15:36:01,576 | INFO | QUERY: Who is the CEO of India? | ANSWER: Sriharsha Majety
2026-03-04 15:40:05,246 | INFO | QUERY: Who is the CEO of India? | ANSWER: Sriharsha Majety
2026-03-04 15:40:57,247 | INFO | QUERY: Who is the CEO of India? | ANSWER: Sriharsha Majety
2026-03-04 15:41:30,220 | INFO | QUERY: Who is the CEO of India? | ANSWER: Sriharsha Majety
2026-03-04 15:41:53,123 | INFO | QUERY: Who is the CEO of India? | ANSWER: Sriharsha Majety
2026-03-04 15:42:32,128 | INFO | HTTP Request: HEAD https://huggingface.co/google/flan-t5-base/resolve/main/config.json "HTTP/1.1 307 Temporary Redirect"
2026-03-04 15:42:32,177 | INFO | HTTP Request: HEAD https://huggingface.co/api/resolve-cache/models/google/flan-t5-base/7bcac572ce56db69c1ea7c8af255c5d7c9672fc2/config.json "HTTP/1.1 200 OK"
2026-03-04 15:42:32,429 | INFO | HTTP Request: HEAD https://huggingface.co/google/flan-t5-base/resolve/main/tokenizer_config.json "HTTP/1.1 307 Temporary Redirect"
2026-03-04 15:42:32,474 | INFO | HTTP Request: HEAD https://huggingface.co/api/resolve-cache/models/google/flan-t5-base/7bcac572ce56db69c1ea7c8af255c5d7c9672fc2/tokenizer_config.json "HTTP/1.1 200 OK"
2026-03-04 15:42:32,750 | INFO | HTTP Request: GET https://huggingface.co/api/models/google/flan-t5-base/tree/main/additional_chat_templates?recursive=false&expand=false "HTTP/1.1 404 Not Found"
2026-03-04 15:42:33,399 | INFO | HTTP Request: GET https://huggingface.co/api/models/google/flan-t5-base/tree/main?recursive=true&expand=false "HTTP/1.1 200 OK"
2026-03-04 15:42:34,719 | INFO | HTTP Request: HEAD https://huggingface.co/google/flan-t5-base/resolve/main/config.json "HTTP/1.1 307 Temporary Redirect"
2026-03-04 15:42:34,770 | INFO | HTTP Request: HEAD https://huggingface.co/api/resolve-cache/models/google/flan-t5-base/7bcac572ce56db69c1ea7c8af255c5d7c9672fc2/config.json "HTTP/1.1 200 OK"
2026-03-04 15:42:35,970 | INFO | HTTP Request: HEAD https://huggingface.co/google/flan-t5-base/resolve/main/generation_config.json "HTTP/1.1 307 Temporary Redirect"
2026-03-04 15:42:35,971 | WARNING | Warning: You are sending unauthenticated requests to the HF Hub. Please set a HF_TOKEN to enable higher rate limits and faster downloads.
2026-03-04 15:42:36,012 | INFO | HTTP Request: HEAD https://huggingface.co/api/resolve-cache/models/google/flan-t5-base/7bcac572ce56db69c1ea7c8af255c5d7c9672fc2/generation_config.json "HTTP/1.1 200 OK"
2026-03-04 15:42:36,052 | INFO | Loading faiss with AVX2 support.
2026-03-04 15:42:36,204 | INFO | Successfully loaded faiss with AVX2 support.
2026-03-04 15:42:36,255 | INFO | Use pytorch device_name: cpu
2026-03-04 15:42:36,255 | INFO | Load pretrained SentenceTransformer: sentence-transformers/all-mpnet-base-v2
2026-03-04 15:42:36,492 | INFO | HTTP Request: HEAD https://huggingface.co/sentence-transformers/all-mpnet-base-v2/resolve/main/modules.json "HTTP/1.1 307 Temporary Redirect"
2026-03-04 15:42:36,523 | INFO | HTTP Request: HEAD https://huggingface.co/api/resolve-cache/models/sentence-transformers/all-mpnet-base-v2/e8c3b32edf5434bc2275fc9bab85f82640a19130/modules.json "HTTP/1.1 200 OK"
2026-03-04 15:42:36,761 | INFO | HTTP Request: HEAD https://huggingface.co/sentence-transformers/all-mpnet-base-v2/resolve/main/config_sentence_transformers.json "HTTP/1.1 307 Temporary Redirect"
2026-03-04 15:42:36,789 | INFO | HTTP Request: HEAD https://huggingface.co/api/resolve-cache/models/sentence-transformers/all-mpnet-base-v2/e8c3b32edf5434bc2275fc9bab85f82640a19130/config_sentence_transformers.json "HTTP/1.1 200 OK"
2026-03-04 15:42:37,027 | INFO | HTTP Request: HEAD https://huggingface.co/sentence-transformers/all-mpnet-base-v2/resolve/main/config_sentence_transformers.json "HTTP/1.1 307 Temporary Redirect"
2026-03-04 15:42:37,059 | INFO | HTTP Request: HEAD https://huggingface.co/api/resolve-cache/models/sentence-transformers/all-mpnet-base-v2/e8c3b32edf5434bc2275fc9bab85f82640a19130/config_sentence_transformers.json "HTTP/1.1 200 OK"
2026-03-04 15:42:37,293 | INFO | HTTP Request: HEAD https://huggingface.co/sentence-transformers/all-mpnet-base-v2/resolve/main/README.md "HTTP/1.1 307 Temporary Redirect"
2026-03-04 15:42:37,333 | INFO | HTTP Request: HEAD https://huggingface.co/api/resolve-cache/models/sentence-transformers/all-mpnet-base-v2/e8c3b32edf5434bc2275fc9bab85f82640a19130/README.md "HTTP/1.1 200 OK"
2026-03-04 15:42:37,561 | INFO | HTTP Request: HEAD https://huggingface.co/sentence-transformers/all-mpnet-base-v2/resolve/main/modules.json "HTTP/1.1 307 Temporary Redirect"
2026-03-04 15:42:37,591 | INFO | HTTP Request: HEAD https://huggingface.co/api/resolve-cache/models/sentence-transformers/all-mpnet-base-v2/e8c3b32edf5434bc2275fc9bab85f82640a19130/modules.json "HTTP/1.1 200 OK"
2026-03-04 15:42:37,828 | INFO | HTTP Request: HEAD https://huggingface.co/sentence-transformers/all-mpnet-base-v2/resolve/main/sentence_bert_config.json "HTTP/1.1 307 Temporary Redirect"
2026-03-04 15:42:37,869 | INFO | HTTP Request: HEAD https://huggingface.co/api/resolve-cache/models/sentence-transformers/all-mpnet-base-v2/e8c3b32edf5434bc2275fc9bab85f82640a19130/sentence_bert_config.json "HTTP/1.1 200 OK"
2026-03-04 15:42:38,097 | INFO | HTTP Request: HEAD https://huggingface.co/sentence-transformers/all-mpnet-base-v2/resolve/main/adapter_config.json "HTTP/1.1 404 Not Found"
2026-03-04 15:42:38,337 | INFO | HTTP Request: HEAD https://huggingface.co/sentence-transformers/all-mpnet-base-v2/resolve/main/config.json "HTTP/1.1 307 Temporary Redirect"
2026-03-04 15:42:38,407 | INFO | HTTP Request: HEAD https://huggingface.co/api/resolve-cache/models/sentence-transformers/all-mpnet-base-v2/e8c3b32edf5434bc2275fc9bab85f82640a19130/config.json "HTTP/1.1 200 OK"
2026-03-04 15:42:38,948 | INFO | HTTP Request: HEAD https://huggingface.co/sentence-transformers/all-mpnet-base-v2/resolve/main/config.json "HTTP/1.1 307 Temporary Redirect"
2026-03-04 15:42:38,979 | INFO | HTTP Request: HEAD https://huggingface.co/api/resolve-cache/models/sentence-transformers/all-mpnet-base-v2/e8c3b32edf5434bc2275fc9bab85f82640a19130/config.json "HTTP/1.1 200 OK"
2026-03-04 15:42:39,231 | INFO | HTTP Request: HEAD https://huggingface.co/sentence-transformers/all-mpnet-base-v2/resolve/main/tokenizer_config.json "HTTP/1.1 307 Temporary Redirect"
2026-03-04 15:42:39,260 | INFO | HTTP Request: HEAD https://huggingface.co/api/resolve-cache/models/sentence-transformers/all-mpnet-base-v2/e8c3b32edf5434bc2275fc9bab85f82640a19130/tokenizer_config.json "HTTP/1.1 200 OK"
2026-03-04 15:42:39,512 | INFO | HTTP Request: GET https://huggingface.co/api/models/sentence-transformers/all-mpnet-base-v2/tree/main/additional_chat_templates?recursive=false&expand=false "HTTP/1.1 404 Not Found"
2026-03-04 15:42:39,794 | INFO | HTTP Request: GET https://huggingface.co/api/models/sentence-transformers/all-mpnet-base-v2/tree/main?recursive=true&expand=false "HTTP/1.1 200 OK"
2026-03-04 15:42:40,388 | INFO | HTTP Request: HEAD https://huggingface.co/sentence-transformers/all-mpnet-base-v2/resolve/main/1_Pooling/config.json "HTTP/1.1 307 Temporary Redirect"
2026-03-04 15:42:40,417 | INFO | HTTP Request: HEAD https://huggingface.co/api/resolve-cache/models/sentence-transformers/all-mpnet-base-v2/e8c3b32edf5434bc2275fc9bab85f82640a19130/1_Pooling%2Fconfig.json "HTTP/1.1 200 OK"
2026-03-04 15:42:40,652 | INFO | HTTP Request: GET https://huggingface.co/api/models/sentence-transformers/all-mpnet-base-v2 "HTTP/1.1 200 OK"
2026-03-04 15:42:55,181 | INFO | QUERY: Who is the CEO of India? | ANSWER: Sriharsha Majety
2026-03-04 15:43:03,282 | INFO | QUERY: Who is the CEO of India? | ANSWER: Sriharsha Majety
2026-03-04 15:43:26,852 | INFO | QUERY: Who is the ceo of India? | ANSWER: Sriharsha Majety
2026-08-05 00:48:55,910 | INFO | HTTP Request: GET https://huggingface.co/api/agent-harnesses "HTTP/1.1 200 OK"
2026-08-05 00:48:56,282 | INFO | HTTP Request: HEAD https://huggingface.co/google/flan-t5-base/resolve/main/config.json "HTTP/1.1 307 Temporary Redirect"
2026-08-05 00:48:56,284 | WARNING | Warning: You are sending unauthenticated requests to the HF Hub. Please set a HF_TOKEN to enable higher rate limits and faster downloads.
2026-08-05 00:48:56,324 | INFO | HTTP Request: HEAD https://huggingface.co/api/resolve-cache/models/google/flan-t5-base/7bcac572ce56db69c1ea7c8af255c5d7c9672fc2/config.json "HTTP/1.1 200 OK"
2026-08-05 00:48:56,597 | INFO | HTTP Request: HEAD https://huggingface.co/google/flan-t5-base/resolve/main/tokenizer_config.json "HTTP/1.1 307 Temporary Redirect"
2026-08-05 00:48:56,635 | INFO | HTTP Request: HEAD https://huggingface.co/api/resolve-cache/models/google/flan-t5-base/7bcac572ce56db69c1ea7c8af255c5d7c9672fc2/tokenizer_config.json "HTTP/1.1 200 OK"
2026-08-05 00:48:56,886 | INFO | HTTP Request: GET https://huggingface.co/api/models/google/flan-t5-base/tree/main/additional_chat_templates?recursive=false&expand=false "HTTP/1.1 404 Not Found"
2026-08-05 00:48:57,240 | INFO | HTTP Request: GET https://huggingface.co/api/models/google/flan-t5-base/tree/main?recursive=true&expand=false "HTTP/1.1 200 OK"
2026-08-05 00:48:57,844 | INFO | HTTP Request: HEAD https://huggingface.co/google/flan-t5-base/resolve/main/config.json "HTTP/1.1 307 Temporary Redirect"
2026-08-05 00:48:57,880 | INFO | HTTP Request: HEAD https://huggingface.co/api/resolve-cache/models/google/flan-t5-base/7bcac572ce56db69c1ea7c8af255c5d7c9672fc2/config.json "HTTP/1.1 200 OK"
2026-08-05 00:48:58,679 | INFO | HTTP Request: HEAD https://huggingface.co/google/flan-t5-base/resolve/main/generation_config.json "HTTP/1.1 307 Temporary Redirect"
2026-08-05 00:48:58,701 | INFO | HTTP Request: HEAD https://huggingface.co/api/resolve-cache/models/google/flan-t5-base/7bcac572ce56db69c1ea7c8af255c5d7c9672fc2/generation_config.json "HTTP/1.1 200 OK"
2026-08-05 01:05:34,170 | INFO | HTTP Request: HEAD https://huggingface.co/google/flan-t5-base/resolve/main/config.json "HTTP/1.1 307 Temporary Redirect"
2026-08-05 01:05:34,173 | WARNING | Warning: You are sending unauthenticated requests to the HF Hub. Please set a HF_TOKEN to enable higher rate limits and faster downloads.
2026-08-05 01:05:35,601 | INFO | HTTP Request: HEAD https://huggingface.co/api/resolve-cache/models/google/flan-t5-base/7bcac572ce56db69c1ea7c8af255c5d7c9672fc2/config.json "HTTP/1.1 200 OK"
2026-08-05 01:05:36,440 | INFO | HTTP Request: HEAD https://huggingface.co/google/flan-t5-base/resolve/main/tokenizer_config.json "HTTP/1.1 307 Temporary Redirect"
2026-08-05 01:05:36,731 | INFO | HTTP Request: HEAD https://huggingface.co/api/resolve-cache/models/google/flan-t5-base/7bcac572ce56db69c1ea7c8af255c5d7c9672fc2/tokenizer_config.json "HTTP/1.1 200 OK"
2026-08-05 01:05:36,977 | INFO | HTTP Request: GET https://huggingface.co/api/models/google/flan-t5-base/tree/main/additional_chat_templates?recursive=false&expand=false "HTTP/1.1 404 Not Found"
2026-08-05 01:05:37,237 | INFO | HTTP Request: GET https://huggingface.co/api/models/google/flan-t5-base/tree/main?recursive=true&expand=false "HTTP/1.1 200 OK"
2026-08-05 01:05:38,015 | INFO | HTTP Request: HEAD https://huggingface.co/google/flan-t5-base/resolve/main/config.json "HTTP/1.1 307 Temporary Redirect"
2026-08-05 01:05:38,152 | INFO | HTTP Request: HEAD https://huggingface.co/api/resolve-cache/models/google/flan-t5-base/7bcac572ce56db69c1ea7c8af255c5d7c9672fc2/config.json "HTTP/1.1 200 OK"
2026-08-05 01:05:38,963 | INFO | HTTP Request: HEAD https://huggingface.co/google/flan-t5-base/resolve/main/generation_config.json "HTTP/1.1 307 Temporary Redirect"
2026-08-05 01:05:39,146 | INFO | HTTP Request: HEAD https://huggingface.co/api/resolve-cache/models/google/flan-t5-base/7bcac572ce56db69c1ea7c8af255c5d7c9672fc2/generation_config.json "HTTP/1.1 200 OK"
2026-08-05 01:05:39,181 | INFO | Loading faiss with AVX2 support.
2026-08-05 01:05:39,245 | INFO | Successfully loaded faiss with AVX2 support.
2026-08-05 01:05:39,262 | INFO | Use pytorch device_name: cpu
2026-08-05 01:05:39,262 | INFO | Load pretrained SentenceTransformer: sentence-transformers/all-mpnet-base-v2
2026-08-05 01:05:39,699 | INFO | HTTP Request: HEAD https://huggingface.co/sentence-transformers/all-mpnet-base-v2/resolve/main/modules.json "HTTP/1.1 307 Temporary Redirect"
2026-08-05 01:05:40,083 | INFO | HTTP Request: HEAD https://huggingface.co/api/resolve-cache/models/sentence-transformers/all-mpnet-base-v2/e8c3b32edf5434bc2275fc9bab85f82640a19130/modules.json "HTTP/1.1 200 OK"
2026-08-05 01:05:40,625 | INFO | HTTP Request: HEAD https://huggingface.co/sentence-transformers/all-mpnet-base-v2/resolve/main/config_sentence_transformers.json "HTTP/1.1 307 Temporary Redirect"
2026-08-05 01:05:40,665 | INFO | HTTP Request: HEAD https://huggingface.co/api/resolve-cache/models/sentence-transformers/all-mpnet-base-v2/e8c3b32edf5434bc2275fc9bab85f82640a19130/config_sentence_transformers.json "HTTP/1.1 200 OK"
2026-08-05 01:05:40,916 | INFO | HTTP Request: HEAD https://huggingface.co/sentence-transformers/all-mpnet-base-v2/resolve/main/config_sentence_transformers.json "HTTP/1.1 307 Temporary Redirect"
2026-08-05 01:05:40,992 | INFO | HTTP Request: HEAD https://huggingface.co/api/resolve-cache/models/sentence-transformers/all-mpnet-base-v2/e8c3b32edf5434bc2275fc9bab85f82640a19130/config_sentence_transformers.json "HTTP/1.1 200 OK"
2026-08-05 01:05:41,235 | INFO | HTTP Request: HEAD https://huggingface.co/sentence-transformers/all-mpnet-base-v2/resolve/main/README.md "HTTP/1.1 307 Temporary Redirect"
2026-08-05 01:05:41,293 | INFO | HTTP Request: HEAD https://huggingface.co/api/resolve-cache/models/sentence-transformers/all-mpnet-base-v2/e8c3b32edf5434bc2275fc9bab85f82640a19130/README.md "HTTP/1.1 200 OK"
2026-08-05 01:05:41,557 | INFO | HTTP Request: HEAD https://huggingface.co/sentence-transformers/all-mpnet-base-v2/resolve/main/modules.json "HTTP/1.1 307 Temporary Redirect"
2026-08-05 01:05:41,601 | INFO | HTTP Request: HEAD https://huggingface.co/api/resolve-cache/models/sentence-transformers/all-mpnet-base-v2/e8c3b32edf5434bc2275fc9bab85f82640a19130/modules.json "HTTP/1.1 200 OK"
2026-08-05 01:05:41,876 | INFO | HTTP Request: HEAD https://huggingface.co/sentence-transformers/all-mpnet-base-v2/resolve/main/sentence_bert_config.json "HTTP/1.1 307 Temporary Redirect"
2026-08-05 01:05:41,916 | INFO | HTTP Request: HEAD https://huggingface.co/api/resolve-cache/models/sentence-transformers/all-mpnet-base-v2/e8c3b32edf5434bc2275fc9bab85f82640a19130/sentence_bert_config.json "HTTP/1.1 200 OK"
2026-08-05 01:05:42,208 | INFO | HTTP Request: HEAD https://huggingface.co/sentence-transformers/all-mpnet-base-v2/resolve/main/adapter_config.json "HTTP/1.1 404 Not Found"
2026-08-05 01:05:42,516 | INFO | HTTP Request: HEAD https://huggingface.co/sentence-transformers/all-mpnet-base-v2/resolve/main/config.json "HTTP/1.1 307 Temporary Redirect"
2026-08-05 01:05:42,645 | INFO | HTTP Request: HEAD https://huggingface.co/api/resolve-cache/models/sentence-transformers/all-mpnet-base-v2/e8c3b32edf5434bc2275fc9bab85f82640a19130/config.json "HTTP/1.1 200 OK"
2026-08-05 01:05:43,128 | INFO | HTTP Request: HEAD https://huggingface.co/sentence-transformers/all-mpnet-base-v2/resolve/main/config.json "HTTP/1.1 307 Temporary Redirect"
2026-08-05 01:05:43,185 | INFO | HTTP Request: HEAD https://huggingface.co/api/resolve-cache/models/sentence-transformers/all-mpnet-base-v2/e8c3b32edf5434bc2275fc9bab85f82640a19130/config.json "HTTP/1.1 200 OK"
2026-08-05 01:05:43,476 | INFO | HTTP Request: HEAD https://huggingface.co/sentence-transformers/all-mpnet-base-v2/resolve/main/tokenizer_config.json "HTTP/1.1 307 Temporary Redirect"
2026-08-05 01:05:43,507 | INFO | HTTP Request: HEAD https://huggingface.co/api/resolve-cache/models/sentence-transformers/all-mpnet-base-v2/e8c3b32edf5434bc2275fc9bab85f82640a19130/tokenizer_config.json "HTTP/1.1 200 OK"
2026-08-05 01:05:43,775 | INFO | HTTP Request: GET https://huggingface.co/api/models/sentence-transformers/all-mpnet-base-v2/tree/main/additional_chat_templates?recursive=false&expand=false "HTTP/1.1 404 Not Found"
2026-08-05 01:05:44,009 | INFO | HTTP Request: GET https://huggingface.co/api/models/sentence-transformers/all-mpnet-base-v2/tree/main?recursive=true&expand=false "HTTP/1.1 200 OK"
2026-08-05 01:05:44,437 | INFO | HTTP Request: HEAD https://huggingface.co/sentence-transformers/all-mpnet-base-v2/resolve/main/1_Pooling/config.json "HTTP/1.1 307 Temporary Redirect"
2026-08-05 01:05:44,473 | INFO | HTTP Request: HEAD https://huggingface.co/api/resolve-cache/models/sentence-transformers/all-mpnet-base-v2/e8c3b32edf5434bc2275fc9bab85f82640a19130/1_Pooling%2Fconfig.json "HTTP/1.1 200 OK"
2026-08-05 01:05:44,756 | INFO | HTTP Request: GET https://huggingface.co/api/models/sentence-transformers/all-mpnet-base-v2 "HTTP/1.1 200 OK"
2026-08-05 01:06:27,263 | INFO | HTTP Request: HEAD https://huggingface.co/google/flan-t5-base/resolve/main/config.json "HTTP/1.1 307 Temporary Redirect"
2026-08-05 01:06:27,305 | INFO | HTTP Request: HEAD https://huggingface.co/api/resolve-cache/models/google/flan-t5-base/7bcac572ce56db69c1ea7c8af255c5d7c9672fc2/config.json "HTTP/1.1 200 OK"
2026-08-05 01:06:27,543 | INFO | HTTP Request: HEAD https://huggingface.co/google/flan-t5-base/resolve/main/tokenizer_config.json "HTTP/1.1 307 Temporary Redirect"
2026-08-05 01:06:27,544 | WARNING | Warning: You are sending unauthenticated requests to the HF Hub. Please set a HF_TOKEN to enable higher rate limits and faster downloads.
2026-08-05 01:06:27,586 | INFO | HTTP Request: HEAD https://huggingface.co/api/resolve-cache/models/google/flan-t5-base/7bcac572ce56db69c1ea7c8af255c5d7c9672fc2/tokenizer_config.json "HTTP/1.1 200 OK"
2026-08-05 01:06:27,850 | INFO | HTTP Request: GET https://huggingface.co/api/models/google/flan-t5-base/tree/main/additional_chat_templates?recursive=false&expand=false "HTTP/1.1 404 Not Found"
2026-08-05 01:06:28,088 | INFO | HTTP Request: GET https://huggingface.co/api/models/google/flan-t5-base/tree/main?recursive=true&expand=false "HTTP/1.1 200 OK"
2026-08-05 01:06:28,917 | INFO | HTTP Request: HEAD https://huggingface.co/google/flan-t5-base/resolve/main/config.json "HTTP/1.1 307 Temporary Redirect"
2026-08-05 01:06:28,943 | INFO | HTTP Request: HEAD https://huggingface.co/api/resolve-cache/models/google/flan-t5-base/7bcac572ce56db69c1ea7c8af255c5d7c9672fc2/config.json "HTTP/1.1 200 OK"
2026-08-05 01:06:29,652 | INFO | HTTP Request: HEAD https://huggingface.co/google/flan-t5-base/resolve/main/generation_config.json "HTTP/1.1 307 Temporary Redirect"
2026-08-05 01:06:29,676 | INFO | HTTP Request: HEAD https://huggingface.co/api/resolve-cache/models/google/flan-t5-base/7bcac572ce56db69c1ea7c8af255c5d7c9672fc2/generation_config.json "HTTP/1.1 200 OK"
2026-08-05 01:06:29,688 | INFO | Loading faiss with AVX2 support.
2026-08-05 01:06:29,724 | INFO | Successfully loaded faiss with AVX2 support.
2026-08-05 01:06:29,741 | INFO | Use pytorch device_name: cpu
2026-08-05 01:06:29,741 | INFO | Load pretrained SentenceTransformer: sentence-transformers/all-mpnet-base-v2
2026-08-05 01:06:29,990 | INFO | HTTP Request: HEAD https://huggingface.co/sentence-transformers/all-mpnet-base-v2/resolve/main/modules.json "HTTP/1.1 307 Temporary Redirect"
2026-08-05 01:06:30,025 | INFO | HTTP Request: HEAD https://huggingface.co/api/resolve-cache/models/sentence-transformers/all-mpnet-base-v2/e8c3b32edf5434bc2275fc9bab85f82640a19130/modules.json "HTTP/1.1 200 OK"
2026-08-05 01:06:30,256 | INFO | HTTP Request: HEAD https://huggingface.co/sentence-transformers/all-mpnet-base-v2/resolve/main/config_sentence_transformers.json "HTTP/1.1 307 Temporary Redirect"
2026-08-05 01:06:30,294 | INFO | HTTP Request: HEAD https://huggingface.co/api/resolve-cache/models/sentence-transformers/all-mpnet-base-v2/e8c3b32edf5434bc2275fc9bab85f82640a19130/config_sentence_transformers.json "HTTP/1.1 200 OK"
2026-08-05 01:06:30,526 | INFO | HTTP Request: HEAD https://huggingface.co/sentence-transformers/all-mpnet-base-v2/resolve/main/config_sentence_transformers.json "HTTP/1.1 307 Temporary Redirect"
2026-08-05 01:06:31,152 | INFO | HTTP Request: HEAD https://huggingface.co/api/resolve-cache/models/sentence-transformers/all-mpnet-base-v2/e8c3b32edf5434bc2275fc9bab85f82640a19130/config_sentence_transformers.json "HTTP/1.1 200 OK"
2026-08-05 01:06:31,515 | INFO | HTTP Request: HEAD https://huggingface.co/sentence-transformers/all-mpnet-base-v2/resolve/main/README.md "HTTP/1.1 307 Temporary Redirect"
2026-08-05 01:06:31,557 | INFO | HTTP Request: HEAD https://huggingface.co/api/resolve-cache/models/sentence-transformers/all-mpnet-base-v2/e8c3b32edf5434bc2275fc9bab85f82640a19130/README.md "HTTP/1.1 200 OK"
2026-08-05 01:06:31,787 | INFO | HTTP Request: HEAD https://huggingface.co/sentence-transformers/all-mpnet-base-v2/resolve/main/modules.json "HTTP/1.1 307 Temporary Redirect"
2026-08-05 01:06:31,813 | INFO | HTTP Request: HEAD https://huggingface.co/api/resolve-cache/models/sentence-transformers/all-mpnet-base-v2/e8c3b32edf5434bc2275fc9bab85f82640a19130/modules.json "HTTP/1.1 200 OK"
2026-08-05 01:06:32,158 | INFO | HTTP Request: HEAD https://huggingface.co/sentence-transformers/all-mpnet-base-v2/resolve/main/sentence_bert_config.json "HTTP/1.1 307 Temporary Redirect"
2026-08-05 01:06:32,183 | INFO | HTTP Request: HEAD https://huggingface.co/api/resolve-cache/models/sentence-transformers/all-mpnet-base-v2/e8c3b32edf5434bc2275fc9bab85f82640a19130/sentence_bert_config.json "HTTP/1.1 200 OK"
2026-08-05 01:06:32,436 | INFO | HTTP Request: HEAD https://huggingface.co/sentence-transformers/all-mpnet-base-v2/resolve/main/adapter_config.json "HTTP/1.1 404 Not Found"
2026-08-05 01:06:32,756 | INFO | HTTP Request: HEAD https://huggingface.co/sentence-transformers/all-mpnet-base-v2/resolve/main/config.json "HTTP/1.1 307 Temporary Redirect"
2026-08-05 01:06:32,789 | INFO | HTTP Request: HEAD https://huggingface.co/api/resolve-cache/models/sentence-transformers/all-mpnet-base-v2/e8c3b32edf5434bc2275fc9bab85f82640a19130/config.json "HTTP/1.1 200 OK"
2026-08-05 01:06:33,234 | INFO | HTTP Request: HEAD https://huggingface.co/sentence-transformers/all-mpnet-base-v2/resolve/main/config.json "HTTP/1.1 307 Temporary Redirect"
2026-08-05 01:06:33,268 | INFO | HTTP Request: HEAD https://huggingface.co/api/resolve-cache/models/sentence-transformers/all-mpnet-base-v2/e8c3b32edf5434bc2275fc9bab85f82640a19130/config.json "HTTP/1.1 200 OK"
2026-08-05 01:06:33,556 | INFO | HTTP Request: HEAD https://huggingface.co/sentence-transformers/all-mpnet-base-v2/resolve/main/tokenizer_config.json "HTTP/1.1 307 Temporary Redirect"
2026-08-05 01:06:33,599 | INFO | HTTP Request: HEAD https://huggingface.co/api/resolve-cache/models/sentence-transformers/all-mpnet-base-v2/e8c3b32edf5434bc2275fc9bab85f82640a19130/tokenizer_config.json "HTTP/1.1 200 OK"
2026-08-05 01:06:33,876 | INFO | HTTP Request: GET https://huggingface.co/api/models/sentence-transformers/all-mpnet-base-v2/tree/main/additional_chat_templates?recursive=false&expand=false "HTTP/1.1 404 Not Found"
2026-08-05 01:06:34,196 | INFO | HTTP Request: GET https://huggingface.co/api/models/sentence-transformers/all-mpnet-base-v2/tree/main?recursive=true&expand=false "HTTP/1.1 200 OK"
2026-08-05 01:06:34,676 | INFO | HTTP Request: HEAD https://huggingface.co/sentence-transformers/all-mpnet-base-v2/resolve/main/1_Pooling/config.json "HTTP/1.1 307 Temporary Redirect"
2026-08-05 01:06:34,712 | INFO | HTTP Request: HEAD https://huggingface.co/api/resolve-cache/models/sentence-transformers/all-mpnet-base-v2/e8c3b32edf5434bc2275fc9bab85f82640a19130/1_Pooling%2Fconfig.json "HTTP/1.1 200 OK"
2026-08-05 01:06:34,996 | INFO | HTTP Request: GET https://huggingface.co/api/models/sentence-transformers/all-mpnet-base-v2 "HTTP/1.1 200 OK"
2026-08-05 01:07:03,856 | INFO | HTTP Request: HEAD https://huggingface.co/google/flan-t5-base/resolve/main/config.json "HTTP/1.1 307 Temporary Redirect"
2026-08-05 01:07:03,857 | WARNING | Warning: You are sending unauthenticated requests to the HF Hub. Please set a HF_TOKEN to enable higher rate limits and faster downloads.
2026-08-05 01:07:03,896 | INFO | HTTP Request: HEAD https://huggingface.co/api/resolve-cache/models/google/flan-t5-base/7bcac572ce56db69c1ea7c8af255c5d7c9672fc2/config.json "HTTP/1.1 200 OK"
2026-08-05 01:07:04,278 | INFO | HTTP Request: HEAD https://huggingface.co/google/flan-t5-base/resolve/main/tokenizer_config.json "HTTP/1.1 307 Temporary Redirect"
2026-08-05 01:07:04,313 | INFO | HTTP Request: HEAD https://huggingface.co/api/resolve-cache/models/google/flan-t5-base/7bcac572ce56db69c1ea7c8af255c5d7c9672fc2/tokenizer_config.json "HTTP/1.1 200 OK"
2026-08-05 01:07:04,562 | INFO | HTTP Request: GET https://huggingface.co/api/models/google/flan-t5-base/tree/main/additional_chat_templates?recursive=false&expand=false "HTTP/1.1 404 Not Found"
2026-08-05 01:07:04,916 | INFO | HTTP Request: GET https://huggingface.co/api/models/google/flan-t5-base/tree/main?recursive=true&expand=false "HTTP/1.1 200 OK"
2026-08-05 01:07:05,584 | INFO | HTTP Request: HEAD https://huggingface.co/google/flan-t5-base/resolve/main/config.json "HTTP/1.1 307 Temporary Redirect"
2026-08-05 01:07:05,616 | INFO | HTTP Request: HEAD https://huggingface.co/api/resolve-cache/models/google/flan-t5-base/7bcac572ce56db69c1ea7c8af255c5d7c9672fc2/config.json "HTTP/1.1 200 OK"
2026-08-05 01:07:06,163 | INFO | HTTP Request: HEAD https://huggingface.co/google/flan-t5-base/resolve/main/generation_config.json "HTTP/1.1 307 Temporary Redirect"
2026-08-05 01:07:06,203 | INFO | HTTP Request: HEAD https://huggingface.co/api/resolve-cache/models/google/flan-t5-base/7bcac572ce56db69c1ea7c8af255c5d7c9672fc2/generation_config.json "HTTP/1.1 200 OK"
2026-08-05 01:07:06,214 | INFO | Loading faiss with AVX2 support.
2026-08-05 01:07:06,242 | INFO | Successfully loaded faiss with AVX2 support.
2026-08-05 01:07:06,255 | INFO | Use pytorch device_name: cpu
2026-08-05 01:07:06,255 | INFO | Load pretrained SentenceTransformer: sentence-transformers/all-mpnet-base-v2
2026-08-05 01:07:06,516 | INFO | HTTP Request: HEAD https://huggingface.co/sentence-transformers/all-mpnet-base-v2/resolve/main/modules.json "HTTP/1.1 307 Temporary Redirect"
2026-08-05 01:07:06,547 | INFO | HTTP Request: HEAD https://huggingface.co/api/resolve-cache/models/sentence-transformers/all-mpnet-base-v2/e8c3b32edf5434bc2275fc9bab85f82640a19130/modules.json "HTTP/1.1 200 OK"
2026-08-05 01:07:06,810 | INFO | HTTP Request: HEAD https://huggingface.co/sentence-transformers/all-mpnet-base-v2/resolve/main/config_sentence_transformers.json "HTTP/1.1 307 Temporary Redirect"
2026-08-05 01:07:07,502 | INFO | HTTP Request: HEAD https://huggingface.co/api/resolve-cache/models/sentence-transformers/all-mpnet-base-v2/e8c3b32edf5434bc2275fc9bab85f82640a19130/config_sentence_transformers.json "HTTP/1.1 200 OK"
2026-08-05 01:07:07,956 | INFO | HTTP Request: HEAD https://huggingface.co/sentence-transformers/all-mpnet-base-v2/resolve/main/config_sentence_transformers.json "HTTP/1.1 307 Temporary Redirect"
2026-08-05 01:07:08,008 | INFO | HTTP Request: HEAD https://huggingface.co/api/resolve-cache/models/sentence-transformers/all-mpnet-base-v2/e8c3b32edf5434bc2275fc9bab85f82640a19130/config_sentence_transformers.json "HTTP/1.1 200 OK"
2026-08-05 01:07:08,276 | INFO | HTTP Request: HEAD https://huggingface.co/sentence-transformers/all-mpnet-base-v2/resolve/main/README.md "HTTP/1.1 307 Temporary Redirect"
2026-08-05 01:07:08,317 | INFO | HTTP Request: HEAD https://huggingface.co/api/resolve-cache/models/sentence-transformers/all-mpnet-base-v2/e8c3b32edf5434bc2275fc9bab85f82640a19130/README.md "HTTP/1.1 200 OK"
2026-08-05 01:07:08,756 | INFO | HTTP Request: HEAD https://huggingface.co/sentence-transformers/all-mpnet-base-v2/resolve/main/modules.json "HTTP/1.1 307 Temporary Redirect"
2026-08-05 01:07:08,797 | INFO | HTTP Request: HEAD https://huggingface.co/api/resolve-cache/models/sentence-transformers/all-mpnet-base-v2/e8c3b32edf5434bc2275fc9bab85f82640a19130/modules.json "HTTP/1.1 200 OK"
2026-08-05 01:07:09,029 | INFO | HTTP Request: HEAD https://huggingface.co/sentence-transformers/all-mpnet-base-v2/resolve/main/sentence_bert_config.json "HTTP/1.1 307 Temporary Redirect"
2026-08-05 01:07:09,064 | INFO | HTTP Request: HEAD https://huggingface.co/api/resolve-cache/models/sentence-transformers/all-mpnet-base-v2/e8c3b32edf5434bc2275fc9bab85f82640a19130/sentence_bert_config.json "HTTP/1.1 200 OK"
2026-08-05 01:07:09,293 | INFO | HTTP Request: HEAD https://huggingface.co/sentence-transformers/all-mpnet-base-v2/resolve/main/adapter_config.json "HTTP/1.1 404 Not Found"
2026-08-05 01:07:09,556 | INFO | HTTP Request: HEAD https://huggingface.co/sentence-transformers/all-mpnet-base-v2/resolve/main/config.json "HTTP/1.1 307 Temporary Redirect"
2026-08-05 01:07:09,608 | INFO | HTTP Request: HEAD https://huggingface.co/api/resolve-cache/models/sentence-transformers/all-mpnet-base-v2/e8c3b32edf5434bc2275fc9bab85f82640a19130/config.json "HTTP/1.1 200 OK"
2026-08-05 01:07:10,421 | INFO | HTTP Request: HEAD https://huggingface.co/sentence-transformers/all-mpnet-base-v2/resolve/main/config.json "HTTP/1.1 307 Temporary Redirect"
2026-08-05 01:07:10,539 | INFO | HTTP Request: HEAD https://huggingface.co/api/resolve-cache/models/sentence-transformers/all-mpnet-base-v2/e8c3b32edf5434bc2275fc9bab85f82640a19130/config.json "HTTP/1.1 200 OK"
2026-08-05 01:07:10,812 | INFO | HTTP Request: HEAD https://huggingface.co/sentence-transformers/all-mpnet-base-v2/resolve/main/tokenizer_config.json "HTTP/1.1 307 Temporary Redirect"
2026-08-05 01:07:10,847 | INFO | HTTP Request: HEAD https://huggingface.co/api/resolve-cache/models/sentence-transformers/all-mpnet-base-v2/e8c3b32edf5434bc2275fc9bab85f82640a19130/tokenizer_config.json "HTTP/1.1 200 OK"
2026-08-05 01:07:11,083 | INFO | HTTP Request: GET https://huggingface.co/api/models/sentence-transformers/all-mpnet-base-v2/tree/main/additional_chat_templates?recursive=false&expand=false "HTTP/1.1 404 Not Found"
2026-08-05 01:07:11,325 | INFO | HTTP Request: GET https://huggingface.co/api/models/sentence-transformers/all-mpnet-base-v2/tree/main?recursive=true&expand=false "HTTP/1.1 200 OK"
2026-08-05 01:07:11,664 | INFO | HTTP Request: HEAD https://huggingface.co/sentence-transformers/all-mpnet-base-v2/resolve/main/1_Pooling/config.json "HTTP/1.1 307 Temporary Redirect"
2026-08-05 01:07:11,696 | INFO | HTTP Request: HEAD https://huggingface.co/api/resolve-cache/models/sentence-transformers/all-mpnet-base-v2/e8c3b32edf5434bc2275fc9bab85f82640a19130/1_Pooling%2Fconfig.json "HTTP/1.1 200 OK"
2026-08-05 01:07:11,940 | INFO | HTTP Request: GET https://huggingface.co/api/models/sentence-transformers/all-mpnet-base-v2 "HTTP/1.1 200 OK"
2026-08-05 01:07:16,001 | INFO | QUERY: What was the earnings per share in FY23? | ANSWER: 8.60
2026-08-05 01:07:16,921 | INFO | QUERY: How many board meetings were held? | ANSWER: 6
2026-08-05 01:07:18,662 | INFO | QUERY: Who is the Managing Director and Group CEO? | ANSWER: Sriharsha Majety
2026-08-05 01:07:19,619 | INFO | QUERY: How many cities does Swiggy operate in? | ANSWER: 653
2026-08-05 01:09:11,761 | INFO | HTTP Request: HEAD https://huggingface.co/google/flan-t5-base/resolve/main/config.json "HTTP/1.1 307 Temporary Redirect"
2026-08-05 01:09:11,764 | WARNING | Warning: You are sending unauthenticated requests to the HF Hub. Please set a HF_TOKEN to enable higher rate limits and faster downloads.
2026-08-05 01:09:11,791 | INFO | HTTP Request: HEAD https://huggingface.co/api/resolve-cache/models/google/flan-t5-base/7bcac572ce56db69c1ea7c8af255c5d7c9672fc2/config.json "HTTP/1.1 200 OK"
2026-08-05 01:09:12,033 | INFO | HTTP Request: HEAD https://huggingface.co/google/flan-t5-base/resolve/main/tokenizer_config.json "HTTP/1.1 307 Temporary Redirect"
2026-08-05 01:09:12,065 | INFO | HTTP Request: HEAD https://huggingface.co/api/resolve-cache/models/google/flan-t5-base/7bcac572ce56db69c1ea7c8af255c5d7c9672fc2/tokenizer_config.json "HTTP/1.1 200 OK"
2026-08-05 01:09:12,321 | INFO | HTTP Request: GET https://huggingface.co/api/models/google/flan-t5-base/tree/main/additional_chat_templates?recursive=false&expand=false "HTTP/1.1 404 Not Found"
2026-08-05 01:09:12,578 | INFO | HTTP Request: GET https://huggingface.co/api/models/google/flan-t5-base/tree/main?recursive=true&expand=false "HTTP/1.1 200 OK"
2026-08-05 01:09:13,518 | INFO | HTTP Request: HEAD https://huggingface.co/google/flan-t5-base/resolve/main/config.json "HTTP/1.1 307 Temporary Redirect"
2026-08-05 01:09:13,555 | INFO | HTTP Request: HEAD https://huggingface.co/api/resolve-cache/models/google/flan-t5-base/7bcac572ce56db69c1ea7c8af255c5d7c9672fc2/config.json "HTTP/1.1 200 OK"
2026-08-05 01:09:14,803 | INFO | HTTP Request: HEAD https://huggingface.co/google/flan-t5-base/resolve/main/generation_config.json "HTTP/1.1 307 Temporary Redirect"
2026-08-05 01:09:14,833 | INFO | HTTP Request: HEAD https://huggingface.co/api/resolve-cache/models/google/flan-t5-base/7bcac572ce56db69c1ea7c8af255c5d7c9672fc2/generation_config.json "HTTP/1.1 200 OK"
2026-08-05 01:09:14,869 | INFO | Loading faiss with AVX2 support.
2026-08-05 01:09:15,016 | INFO | Successfully loaded faiss with AVX2 support.
2026-08-05 01:09:15,048 | INFO | Use pytorch device_name: cpu
2026-08-05 01:09:15,048 | INFO | Load pretrained SentenceTransformer: sentence-transformers/all-mpnet-base-v2
2026-08-05 01:09:15,290 | INFO | HTTP Request: HEAD https://huggingface.co/sentence-transformers/all-mpnet-base-v2/resolve/main/modules.json "HTTP/1.1 307 Temporary Redirect"
2026-08-05 01:09:15,324 | INFO | HTTP Request: HEAD https://huggingface.co/api/resolve-cache/models/sentence-transformers/all-mpnet-base-v2/e8c3b32edf5434bc2275fc9bab85f82640a19130/modules.json "HTTP/1.1 200 OK"
2026-08-05 01:09:15,560 | INFO | HTTP Request: HEAD https://huggingface.co/sentence-transformers/all-mpnet-base-v2/resolve/main/config_sentence_transformers.json "HTTP/1.1 307 Temporary Redirect"
2026-08-05 01:09:15,592 | INFO | HTTP Request: HEAD https://huggingface.co/api/resolve-cache/models/sentence-transformers/all-mpnet-base-v2/e8c3b32edf5434bc2275fc9bab85f82640a19130/config_sentence_transformers.json "HTTP/1.1 200 OK"
2026-08-05 01:09:15,828 | INFO | HTTP Request: HEAD https://huggingface.co/sentence-transformers/all-mpnet-base-v2/resolve/main/config_sentence_transformers.json "HTTP/1.1 307 Temporary Redirect"
2026-08-05 01:09:15,866 | INFO | HTTP Request: HEAD https://huggingface.co/api/resolve-cache/models/sentence-transformers/all-mpnet-base-v2/e8c3b32edf5434bc2275fc9bab85f82640a19130/config_sentence_transformers.json "HTTP/1.1 200 OK"
2026-08-05 01:09:16,101 | INFO | HTTP Request: HEAD https://huggingface.co/sentence-transformers/all-mpnet-base-v2/resolve/main/README.md "HTTP/1.1 307 Temporary Redirect"
2026-08-05 01:09:16,135 | INFO | HTTP Request: HEAD https://huggingface.co/api/resolve-cache/models/sentence-transformers/all-mpnet-base-v2/e8c3b32edf5434bc2275fc9bab85f82640a19130/README.md "HTTP/1.1 200 OK"
2026-08-05 01:09:16,435 | INFO | HTTP Request: HEAD https://huggingface.co/sentence-transformers/all-mpnet-base-v2/resolve/main/modules.json "HTTP/1.1 307 Temporary Redirect"
2026-08-05 01:09:16,482 | INFO | HTTP Request: HEAD https://huggingface.co/api/resolve-cache/models/sentence-transformers/all-mpnet-base-v2/e8c3b32edf5434bc2275fc9bab85f82640a19130/modules.json "HTTP/1.1 200 OK"
2026-08-05 01:09:16,726 | INFO | HTTP Request: HEAD https://huggingface.co/sentence-transformers/all-mpnet-base-v2/resolve/main/sentence_bert_config.json "HTTP/1.1 307 Temporary Redirect"
2026-08-05 01:09:17,454 | INFO | HTTP Request: HEAD https://huggingface.co/api/resolve-cache/models/sentence-transformers/all-mpnet-base-v2/e8c3b32edf5434bc2275fc9bab85f82640a19130/sentence_bert_config.json "HTTP/1.1 200 OK"
2026-08-05 01:09:17,683 | INFO | HTTP Request: HEAD https://huggingface.co/sentence-transformers/all-mpnet-base-v2/resolve/main/adapter_config.json "HTTP/1.1 404 Not Found"
2026-08-05 01:09:17,914 | INFO | HTTP Request: HEAD https://huggingface.co/sentence-transformers/all-mpnet-base-v2/resolve/main/config.json "HTTP/1.1 307 Temporary Redirect"
2026-08-05 01:09:17,952 | INFO | HTTP Request: HEAD https://huggingface.co/api/resolve-cache/models/sentence-transformers/all-mpnet-base-v2/e8c3b32edf5434bc2275fc9bab85f82640a19130/config.json "HTTP/1.1 200 OK"
2026-08-05 01:09:18,476 | INFO | HTTP Request: HEAD https://huggingface.co/sentence-transformers/all-mpnet-base-v2/resolve/main/config.json "HTTP/1.1 307 Temporary Redirect"
2026-08-05 01:09:18,513 | INFO | HTTP Request: HEAD https://huggingface.co/api/resolve-cache/models/sentence-transformers/all-mpnet-base-v2/e8c3b32edf5434bc2275fc9bab85f82640a19130/config.json "HTTP/1.1 200 OK"
2026-08-05 01:09:18,742 | INFO | HTTP Request: HEAD https://huggingface.co/sentence-transformers/all-mpnet-base-v2/resolve/main/tokenizer_config.json "HTTP/1.1 307 Temporary Redirect"
2026-08-05 01:09:18,776 | INFO | HTTP Request: HEAD https://huggingface.co/api/resolve-cache/models/sentence-transformers/all-mpnet-base-v2/e8c3b32edf5434bc2275fc9bab85f82640a19130/tokenizer_config.json "HTTP/1.1 200 OK"
2026-08-05 01:09:19,026 | INFO | HTTP Request: GET https://huggingface.co/api/models/sentence-transformers/all-mpnet-base-v2/tree/main/additional_chat_templates?recursive=false&expand=false "HTTP/1.1 404 Not Found"
2026-08-05 01:09:19,264 | INFO | HTTP Request: GET https://huggingface.co/api/models/sentence-transformers/all-mpnet-base-v2/tree/main?recursive=true&expand=false "HTTP/1.1 200 OK"
2026-08-05 01:09:19,650 | INFO | HTTP Request: HEAD https://huggingface.co/sentence-transformers/all-mpnet-base-v2/resolve/main/1_Pooling/config.json "HTTP/1.1 307 Temporary Redirect"
2026-08-05 01:09:19,684 | INFO | HTTP Request: HEAD https://huggingface.co/api/resolve-cache/models/sentence-transformers/all-mpnet-base-v2/e8c3b32edf5434bc2275fc9bab85f82640a19130/1_Pooling%2Fconfig.json "HTTP/1.1 200 OK"
2026-08-05 01:09:19,964 | INFO | HTTP Request: GET https://huggingface.co/api/models/sentence-transformers/all-mpnet-base-v2 "HTTP/1.1 200 OK"
2026-08-05 01:09:26,276 | INFO | QUERY: How many board meetings were held? | ANSWER: 6
2026-08-05 01:09:30,488 | INFO | QUERY: Who is the Managing Director and Group CEO? | ANSWER: Sriharsha Majety
2026-08-05 01:09:32,605 | INFO | QUERY: How many cities does Swiggy operate in? | ANSWER: 653
2026-08-05 01:28:44,883 | INFO | HTTP Request: HEAD https://huggingface.co/google/flan-t5-base/resolve/main/config.json "HTTP/1.1 307 Temporary Redirect"
2026-08-05 01:28:44,917 | INFO | HTTP Request: HEAD https://huggingface.co/api/resolve-cache/models/google/flan-t5-base/7bcac572ce56db69c1ea7c8af255c5d7c9672fc2/config.json "HTTP/1.1 200 OK"
2026-08-05 01:28:45,191 | INFO | HTTP Request: HEAD https://huggingface.co/google/flan-t5-base/resolve/main/tokenizer_config.json "HTTP/1.1 307 Temporary Redirect"
2026-08-05 01:28:45,192 | WARNING | Warning: You are sending unauthenticated requests to the HF Hub. Please set a HF_TOKEN to enable higher rate limits and faster downloads.
2026-08-05 01:28:45,227 | INFO | HTTP Request: HEAD https://huggingface.co/api/resolve-cache/models/google/flan-t5-base/7bcac572ce56db69c1ea7c8af255c5d7c9672fc2/tokenizer_config.json "HTTP/1.1 200 OK"
2026-08-05 01:28:45,512 | INFO | HTTP Request: GET https://huggingface.co/api/models/google/flan-t5-base/tree/main/additional_chat_templates?recursive=false&expand=false "HTTP/1.1 404 Not Found"
2026-08-05 01:28:45,831 | INFO | HTTP Request: GET https://huggingface.co/api/models/google/flan-t5-base/tree/main?recursive=true&expand=false "HTTP/1.1 200 OK"
2026-08-05 01:28:46,880 | INFO | HTTP Request: HEAD https://huggingface.co/google/flan-t5-base/resolve/main/config.json "HTTP/1.1 307 Temporary Redirect"
2026-08-05 01:28:46,912 | INFO | HTTP Request: HEAD https://huggingface.co/api/resolve-cache/models/google/flan-t5-base/7bcac572ce56db69c1ea7c8af255c5d7c9672fc2/config.json "HTTP/1.1 200 OK"
2026-08-05 01:28:47,806 | INFO | HTTP Request: HEAD https://huggingface.co/google/flan-t5-base/resolve/main/generation_config.json "HTTP/1.1 307 Temporary Redirect"
2026-08-05 01:28:47,832 | INFO | HTTP Request: HEAD https://huggingface.co/api/resolve-cache/models/google/flan-t5-base/7bcac572ce56db69c1ea7c8af255c5d7c9672fc2/generation_config.json "HTTP/1.1 200 OK"
2026-08-05 01:28:47,961 | INFO | Loading faiss with AVX2 support.
2026-08-05 01:28:48,081 | INFO | Successfully loaded faiss with AVX2 support.
2026-08-05 01:28:48,123 | INFO | Use pytorch device_name: cpu
2026-08-05 01:28:48,123 | INFO | Load pretrained SentenceTransformer: sentence-transformers/all-mpnet-base-v2
2026-08-05 01:28:48,358 | INFO | HTTP Request: HEAD https://huggingface.co/sentence-transformers/all-mpnet-base-v2/resolve/main/modules.json "HTTP/1.1 307 Temporary Redirect"
2026-08-05 01:28:48,390 | INFO | HTTP Request: HEAD https://huggingface.co/api/resolve-cache/models/sentence-transformers/all-mpnet-base-v2/e8c3b32edf5434bc2275fc9bab85f82640a19130/modules.json "HTTP/1.1 200 OK"
2026-08-05 01:28:48,616 | INFO | HTTP Request: HEAD https://huggingface.co/sentence-transformers/all-mpnet-base-v2/resolve/main/config_sentence_transformers.json "HTTP/1.1 307 Temporary Redirect"
2026-08-05 01:28:48,655 | INFO | HTTP Request: HEAD https://huggingface.co/api/resolve-cache/models/sentence-transformers/all-mpnet-base-v2/e8c3b32edf5434bc2275fc9bab85f82640a19130/config_sentence_transformers.json "HTTP/1.1 200 OK"
2026-08-05 01:28:48,888 | INFO | HTTP Request: HEAD https://huggingface.co/sentence-transformers/all-mpnet-base-v2/resolve/main/config_sentence_transformers.json "HTTP/1.1 307 Temporary Redirect"
2026-08-05 01:28:48,920 | INFO | HTTP Request: HEAD https://huggingface.co/api/resolve-cache/models/sentence-transformers/all-mpnet-base-v2/e8c3b32edf5434bc2275fc9bab85f82640a19130/config_sentence_transformers.json "HTTP/1.1 200 OK"
2026-08-05 01:28:49,192 | INFO | HTTP Request: HEAD https://huggingface.co/sentence-transformers/all-mpnet-base-v2/resolve/main/README.md "HTTP/1.1 307 Temporary Redirect"
2026-08-05 01:28:49,222 | INFO | HTTP Request: HEAD https://huggingface.co/api/resolve-cache/models/sentence-transformers/all-mpnet-base-v2/e8c3b32edf5434bc2275fc9bab85f82640a19130/README.md "HTTP/1.1 200 OK"
2026-08-05 01:28:49,512 | INFO | HTTP Request: HEAD https://huggingface.co/sentence-transformers/all-mpnet-base-v2/resolve/main/modules.json "HTTP/1.1 307 Temporary Redirect"
2026-08-05 01:28:49,550 | INFO | HTTP Request: HEAD https://huggingface.co/api/resolve-cache/models/sentence-transformers/all-mpnet-base-v2/e8c3b32edf5434bc2275fc9bab85f82640a19130/modules.json "HTTP/1.1 200 OK"
2026-08-05 01:28:49,831 | INFO | HTTP Request: HEAD https://huggingface.co/sentence-transformers/all-mpnet-base-v2/resolve/main/sentence_bert_config.json "HTTP/1.1 307 Temporary Redirect"
2026-08-05 01:28:49,867 | INFO | HTTP Request: HEAD https://huggingface.co/api/resolve-cache/models/sentence-transformers/all-mpnet-base-v2/e8c3b32edf5434bc2275fc9bab85f82640a19130/sentence_bert_config.json "HTTP/1.1 200 OK"
2026-08-05 01:28:50,150 | INFO | HTTP Request: HEAD https://huggingface.co/sentence-transformers/all-mpnet-base-v2/resolve/main/adapter_config.json "HTTP/1.1 404 Not Found"
2026-08-05 01:28:50,473 | INFO | HTTP Request: HEAD https://huggingface.co/sentence-transformers/all-mpnet-base-v2/resolve/main/config.json "HTTP/1.1 307 Temporary Redirect"
2026-08-05 01:28:50,507 | INFO | HTTP Request: HEAD https://huggingface.co/api/resolve-cache/models/sentence-transformers/all-mpnet-base-v2/e8c3b32edf5434bc2275fc9bab85f82640a19130/config.json "HTTP/1.1 200 OK"
2026-08-05 01:28:51,275 | INFO | HTTP Request: HEAD https://huggingface.co/sentence-transformers/all-mpnet-base-v2/resolve/main/config.json "HTTP/1.1 307 Temporary Redirect"
2026-08-05 01:28:51,312 | INFO | HTTP Request: HEAD https://huggingface.co/api/resolve-cache/models/sentence-transformers/all-mpnet-base-v2/e8c3b32edf5434bc2275fc9bab85f82640a19130/config.json "HTTP/1.1 200 OK"
2026-08-05 01:28:51,558 | INFO | HTTP Request: HEAD https://huggingface.co/sentence-transformers/all-mpnet-base-v2/resolve/main/tokenizer_config.json "HTTP/1.1 307 Temporary Redirect"
2026-08-05 01:28:51,597 | INFO | HTTP Request: HEAD https://huggingface.co/api/resolve-cache/models/sentence-transformers/all-mpnet-base-v2/e8c3b32edf5434bc2275fc9bab85f82640a19130/tokenizer_config.json "HTTP/1.1 200 OK"
2026-08-05 01:28:51,912 | INFO | HTTP Request: GET https://huggingface.co/api/models/sentence-transformers/all-mpnet-base-v2/tree/main/additional_chat_templates?recursive=false&expand=false "HTTP/1.1 404 Not Found"
2026-08-05 01:28:52,231 | INFO | HTTP Request: GET https://huggingface.co/api/models/sentence-transformers/all-mpnet-base-v2/tree/main?recursive=true&expand=false "HTTP/1.1 200 OK"
2026-08-05 01:28:52,764 | INFO | HTTP Request: HEAD https://huggingface.co/sentence-transformers/all-mpnet-base-v2/resolve/main/1_Pooling/config.json "HTTP/1.1 307 Temporary Redirect"
2026-08-05 01:28:52,792 | INFO | HTTP Request: HEAD https://huggingface.co/api/resolve-cache/models/sentence-transformers/all-mpnet-base-v2/e8c3b32edf5434bc2275fc9bab85f82640a19130/1_Pooling%2Fconfig.json "HTTP/1.1 200 OK"
2026-08-05 01:28:53,034 | INFO | HTTP Request: GET https://huggingface.co/api/models/sentence-transformers/all-mpnet-base-v2 "HTTP/1.1 200 OK"
2026-08-05 01:30:20,418 | INFO | HTTP Request: HEAD https://huggingface.co/google/flan-t5-base/resolve/main/config.json "HTTP/1.1 307 Temporary Redirect"
2026-08-05 01:30:20,420 | WARNING | Warning: You are sending unauthenticated requests to the HF Hub. Please set a HF_TOKEN to enable higher rate limits and faster downloads.
2026-08-05 01:30:20,457 | INFO | HTTP Request: HEAD https://huggingface.co/api/resolve-cache/models/google/flan-t5-base/7bcac572ce56db69c1ea7c8af255c5d7c9672fc2/config.json "HTTP/1.1 200 OK"
2026-08-05 01:30:20,712 | INFO | HTTP Request: HEAD https://huggingface.co/google/flan-t5-base/resolve/main/tokenizer_config.json "HTTP/1.1 307 Temporary Redirect"
2026-08-05 01:30:20,743 | INFO | HTTP Request: HEAD https://huggingface.co/api/resolve-cache/models/google/flan-t5-base/7bcac572ce56db69c1ea7c8af255c5d7c9672fc2/tokenizer_config.json "HTTP/1.1 200 OK"
2026-08-05 01:30:21,026 | INFO | HTTP Request: GET https://huggingface.co/api/models/google/flan-t5-base/tree/main/additional_chat_templates?recursive=false&expand=false "HTTP/1.1 404 Not Found"
2026-08-05 01:30:21,261 | INFO | HTTP Request: GET https://huggingface.co/api/models/google/flan-t5-base/tree/main?recursive=true&expand=false "HTTP/1.1 200 OK"
2026-08-05 01:30:21,990 | INFO | HTTP Request: HEAD https://huggingface.co/google/flan-t5-base/resolve/main/config.json "HTTP/1.1 307 Temporary Redirect"
2026-08-05 01:30:22,025 | INFO | HTTP Request: HEAD https://huggingface.co/api/resolve-cache/models/google/flan-t5-base/7bcac572ce56db69c1ea7c8af255c5d7c9672fc2/config.json "HTTP/1.1 200 OK"
2026-08-05 01:30:22,949 | INFO | HTTP Request: HEAD https://huggingface.co/google/flan-t5-base/resolve/main/generation_config.json "HTTP/1.1 307 Temporary Redirect"
2026-08-05 01:30:22,980 | INFO | HTTP Request: HEAD https://huggingface.co/api/resolve-cache/models/google/flan-t5-base/7bcac572ce56db69c1ea7c8af255c5d7c9672fc2/generation_config.json "HTTP/1.1 200 OK"
2026-08-05 01:30:22,990 | INFO | Loading faiss with AVX2 support.
2026-08-05 01:30:23,079 | INFO | Successfully loaded faiss with AVX2 support.
2026-08-05 01:30:23,101 | INFO | Use pytorch device_name: cpu
2026-08-05 01:30:23,101 | INFO | Load pretrained SentenceTransformer: sentence-transformers/all-mpnet-base-v2
2026-08-05 01:30:23,430 | INFO | HTTP Request: HEAD https://huggingface.co/sentence-transformers/all-mpnet-base-v2/resolve/main/modules.json "HTTP/1.1 307 Temporary Redirect"
2026-08-05 01:30:23,460 | INFO | HTTP Request: HEAD https://huggingface.co/api/resolve-cache/models/sentence-transformers/all-mpnet-base-v2/e8c3b32edf5434bc2275fc9bab85f82640a19130/modules.json "HTTP/1.1 200 OK"
2026-08-05 01:30:23,749 | INFO | HTTP Request: HEAD https://huggingface.co/sentence-transformers/all-mpnet-base-v2/resolve/main/config_sentence_transformers.json "HTTP/1.1 307 Temporary Redirect"
2026-08-05 01:30:23,779 | INFO | HTTP Request: HEAD https://huggingface.co/api/resolve-cache/models/sentence-transformers/all-mpnet-base-v2/e8c3b32edf5434bc2275fc9bab85f82640a19130/config_sentence_transformers.json "HTTP/1.1 200 OK"
2026-08-05 01:30:24,069 | INFO | HTTP Request: HEAD https://huggingface.co/sentence-transformers/all-mpnet-base-v2/resolve/main/config_sentence_transformers.json "HTTP/1.1 307 Temporary Redirect"
2026-08-05 01:30:24,096 | INFO | HTTP Request: HEAD https://huggingface.co/api/resolve-cache/models/sentence-transformers/all-mpnet-base-v2/e8c3b32edf5434bc2275fc9bab85f82640a19130/config_sentence_transformers.json "HTTP/1.1 200 OK"
2026-08-05 01:30:24,328 | INFO | HTTP Request: HEAD https://huggingface.co/sentence-transformers/all-mpnet-base-v2/resolve/main/README.md "HTTP/1.1 307 Temporary Redirect"
2026-08-05 01:30:24,365 | INFO | HTTP Request: HEAD https://huggingface.co/api/resolve-cache/models/sentence-transformers/all-mpnet-base-v2/e8c3b32edf5434bc2275fc9bab85f82640a19130/README.md "HTTP/1.1 200 OK"
2026-08-05 01:30:24,709 | INFO | HTTP Request: HEAD https://huggingface.co/sentence-transformers/all-mpnet-base-v2/resolve/main/modules.json "HTTP/1.1 307 Temporary Redirect"
2026-08-05 01:30:24,749 | INFO | HTTP Request: HEAD https://huggingface.co/api/resolve-cache/models/sentence-transformers/all-mpnet-base-v2/e8c3b32edf5434bc2275fc9bab85f82640a19130/modules.json "HTTP/1.1 200 OK"
2026-08-05 01:30:25,030 | INFO | HTTP Request: HEAD https://huggingface.co/sentence-transformers/all-mpnet-base-v2/resolve/main/sentence_bert_config.json "HTTP/1.1 307 Temporary Redirect"
2026-08-05 01:30:25,067 | INFO | HTTP Request: HEAD https://huggingface.co/api/resolve-cache/models/sentence-transformers/all-mpnet-base-v2/e8c3b32edf5434bc2275fc9bab85f82640a19130/sentence_bert_config.json "HTTP/1.1 200 OK"
2026-08-05 01:30:25,357 | INFO | HTTP Request: HEAD https://huggingface.co/sentence-transformers/all-mpnet-base-v2/resolve/main/adapter_config.json "HTTP/1.1 404 Not Found"
2026-08-05 01:30:25,586 | INFO | HTTP Request: HEAD https://huggingface.co/sentence-transformers/all-mpnet-base-v2/resolve/main/config.json "HTTP/1.1 307 Temporary Redirect"
2026-08-05 01:30:25,611 | INFO | HTTP Request: HEAD https://huggingface.co/api/resolve-cache/models/sentence-transformers/all-mpnet-base-v2/e8c3b32edf5434bc2275fc9bab85f82640a19130/config.json "HTTP/1.1 200 OK"
2026-08-05 01:30:26,149 | INFO | HTTP Request: HEAD https://huggingface.co/sentence-transformers/all-mpnet-base-v2/resolve/main/config.json "HTTP/1.1 307 Temporary Redirect"
2026-08-05 01:30:26,187 | INFO | HTTP Request: HEAD https://huggingface.co/api/resolve-cache/models/sentence-transformers/all-mpnet-base-v2/e8c3b32edf5434bc2275fc9bab85f82640a19130/config.json "HTTP/1.1 200 OK"
2026-08-05 01:30:26,419 | INFO | HTTP Request: HEAD https://huggingface.co/sentence-transformers/all-mpnet-base-v2/resolve/main/tokenizer_config.json "HTTP/1.1 307 Temporary Redirect"
2026-08-05 01:30:26,457 | INFO | HTTP Request: HEAD https://huggingface.co/api/resolve-cache/models/sentence-transformers/all-mpnet-base-v2/e8c3b32edf5434bc2275fc9bab85f82640a19130/tokenizer_config.json "HTTP/1.1 200 OK"
2026-08-05 01:30:26,790 | INFO | HTTP Request: GET https://huggingface.co/api/models/sentence-transformers/all-mpnet-base-v2/tree/main/additional_chat_templates?recursive=false&expand=false "HTTP/1.1 404 Not Found"
2026-08-05 01:30:27,110 | INFO | HTTP Request: GET https://huggingface.co/api/models/sentence-transformers/all-mpnet-base-v2/tree/main?recursive=true&expand=false "HTTP/1.1 200 OK"
2026-08-05 01:30:27,588 | INFO | HTTP Request: HEAD https://huggingface.co/sentence-transformers/all-mpnet-base-v2/resolve/main/1_Pooling/config.json "HTTP/1.1 307 Temporary Redirect"
2026-08-05 01:30:27,621 | INFO | HTTP Request: HEAD https://huggingface.co/api/resolve-cache/models/sentence-transformers/all-mpnet-base-v2/e8c3b32edf5434bc2275fc9bab85f82640a19130/1_Pooling%2Fconfig.json "HTTP/1.1 200 OK"
2026-08-05 01:30:27,911 | INFO | HTTP Request: GET https://huggingface.co/api/models/sentence-transformers/all-mpnet-base-v2 "HTTP/1.1 200 OK"
2026-08-05 01:31:25,174 | INFO | QUERY: Who is the CEO of swiggy ? | ANSWER: Lakshmi Nandan Reddy Obul
2026-08-05 01:32:53,222 | INFO | QUERY: who is the ceo of swiggy  | ANSWER: Lakshmi Nandan Reddy Obul
2026-08-05 01:35:12,617 | INFO | HTTP Request: HEAD https://huggingface.co/google/flan-t5-base/resolve/main/config.json "HTTP/1.1 307 Temporary Redirect"
2026-08-05 01:35:12,621 | WARNING | Warning: You are sending unauthenticated requests to the HF Hub. Please set a HF_TOKEN to enable higher rate limits and faster downloads.
2026-08-05 01:35:12,656 | INFO | HTTP Request: HEAD https://huggingface.co/api/resolve-cache/models/google/flan-t5-base/7bcac572ce56db69c1ea7c8af255c5d7c9672fc2/config.json "HTTP/1.1 200 OK"
2026-08-05 01:35:13,027 | INFO | HTTP Request: HEAD https://huggingface.co/google/flan-t5-base/resolve/main/tokenizer_config.json "HTTP/1.1 307 Temporary Redirect"
2026-08-05 01:35:13,060 | INFO | HTTP Request: HEAD https://huggingface.co/api/resolve-cache/models/google/flan-t5-base/7bcac572ce56db69c1ea7c8af255c5d7c9672fc2/tokenizer_config.json "HTTP/1.1 200 OK"
2026-08-05 01:35:13,347 | INFO | HTTP Request: GET https://huggingface.co/api/models/google/flan-t5-base/tree/main/additional_chat_templates?recursive=false&expand=false "HTTP/1.1 404 Not Found"
2026-08-05 01:35:13,580 | INFO | HTTP Request: GET https://huggingface.co/api/models/google/flan-t5-base/tree/main?recursive=true&expand=false "HTTP/1.1 200 OK"
2026-08-05 01:49:34,610 | INFO | HTTP Request: HEAD https://huggingface.co/google/flan-t5-base/resolve/main/config.json "HTTP/1.1 307 Temporary Redirect"
2026-08-05 01:49:34,651 | INFO | HTTP Request: HEAD https://huggingface.co/api/resolve-cache/models/google/flan-t5-base/7bcac572ce56db69c1ea7c8af255c5d7c9672fc2/config.json "HTTP/1.1 200 OK"
2026-08-05 01:49:34,918 | INFO | HTTP Request: HEAD https://huggingface.co/google/flan-t5-base/resolve/main/tokenizer_config.json "HTTP/1.1 307 Temporary Redirect"
2026-08-05 01:49:34,945 | INFO | HTTP Request: HEAD https://huggingface.co/api/resolve-cache/models/google/flan-t5-base/7bcac572ce56db69c1ea7c8af255c5d7c9672fc2/tokenizer_config.json "HTTP/1.1 200 OK"
2026-08-05 01:49:35,262 | INFO | HTTP Request: GET https://huggingface.co/api/models/google/flan-t5-base/tree/main/additional_chat_templates?recursive=false&expand=false "HTTP/1.1 404 Not Found"
2026-08-05 01:49:35,583 | INFO | HTTP Request: GET https://huggingface.co/api/models/google/flan-t5-base/tree/main?recursive=true&expand=false "HTTP/1.1 200 OK"
2026-08-05 01:49:36,201 | INFO | HTTP Request: HEAD https://huggingface.co/google/flan-t5-base/resolve/main/config.json "HTTP/1.1 307 Temporary Redirect"
2026-08-05 01:49:36,202 | WARNING | Warning: You are sending unauthenticated requests to the HF Hub. Please set a HF_TOKEN to enable higher rate limits and faster downloads.
2026-08-05 01:49:36,239 | INFO | HTTP Request: HEAD https://huggingface.co/api/resolve-cache/models/google/flan-t5-base/7bcac572ce56db69c1ea7c8af255c5d7c9672fc2/config.json "HTTP/1.1 200 OK"
2026-08-05 01:49:37,289 | INFO | HTTP Request: HEAD https://huggingface.co/google/flan-t5-base/resolve/main/generation_config.json "HTTP/1.1 307 Temporary Redirect"
2026-08-05 01:49:37,329 | INFO | HTTP Request: HEAD https://huggingface.co/api/resolve-cache/models/google/flan-t5-base/7bcac572ce56db69c1ea7c8af255c5d7c9672fc2/generation_config.json "HTTP/1.1 200 OK"
2026-08-05 01:49:38,096 | INFO | Loading faiss with AVX2 support.
2026-08-05 01:49:38,390 | INFO | Successfully loaded faiss with AVX2 support.
2026-08-05 01:49:38,404 | INFO | Use pytorch device_name: cpu
2026-08-05 01:49:38,404 | INFO | Load pretrained SentenceTransformer: sentence-transformers/all-mpnet-base-v2
2026-08-05 01:49:38,641 | INFO | HTTP Request: HEAD https://huggingface.co/sentence-transformers/all-mpnet-base-v2/resolve/main/modules.json "HTTP/1.1 307 Temporary Redirect"
2026-08-05 01:49:38,674 | INFO | HTTP Request: HEAD https://huggingface.co/api/resolve-cache/models/sentence-transformers/all-mpnet-base-v2/e8c3b32edf5434bc2275fc9bab85f82640a19130/modules.json "HTTP/1.1 200 OK"
2026-08-05 01:49:38,925 | INFO | HTTP Request: HEAD https://huggingface.co/sentence-transformers/all-mpnet-base-v2/resolve/main/config_sentence_transformers.json "HTTP/1.1 307 Temporary Redirect"
2026-08-05 01:49:38,954 | INFO | HTTP Request: HEAD https://huggingface.co/api/resolve-cache/models/sentence-transformers/all-mpnet-base-v2/e8c3b32edf5434bc2275fc9bab85f82640a19130/config_sentence_transformers.json "HTTP/1.1 200 OK"
2026-08-05 01:49:39,210 | INFO | HTTP Request: HEAD https://huggingface.co/sentence-transformers/all-mpnet-base-v2/resolve/main/config_sentence_transformers.json "HTTP/1.1 307 Temporary Redirect"
2026-08-05 01:49:39,245 | INFO | HTTP Request: HEAD https://huggingface.co/api/resolve-cache/models/sentence-transformers/all-mpnet-base-v2/e8c3b32edf5434bc2275fc9bab85f82640a19130/config_sentence_transformers.json "HTTP/1.1 200 OK"
2026-08-05 01:49:39,580 | INFO | HTTP Request: HEAD https://huggingface.co/sentence-transformers/all-mpnet-base-v2/resolve/main/README.md "HTTP/1.1 307 Temporary Redirect"
2026-08-05 01:49:39,611 | INFO | HTTP Request: HEAD https://huggingface.co/api/resolve-cache/models/sentence-transformers/all-mpnet-base-v2/e8c3b32edf5434bc2275fc9bab85f82640a19130/README.md "HTTP/1.1 200 OK"
2026-08-05 01:49:39,904 | INFO | HTTP Request: HEAD https://huggingface.co/sentence-transformers/all-mpnet-base-v2/resolve/main/modules.json "HTTP/1.1 307 Temporary Redirect"
2026-08-05 01:49:39,935 | INFO | HTTP Request: HEAD https://huggingface.co/api/resolve-cache/models/sentence-transformers/all-mpnet-base-v2/e8c3b32edf5434bc2275fc9bab85f82640a19130/modules.json "HTTP/1.1 200 OK"
2026-08-05 01:49:40,223 | INFO | HTTP Request: HEAD https://huggingface.co/sentence-transformers/all-mpnet-base-v2/resolve/main/sentence_bert_config.json "HTTP/1.1 307 Temporary Redirect"
2026-08-05 01:49:40,261 | INFO | HTTP Request: HEAD https://huggingface.co/api/resolve-cache/models/sentence-transformers/all-mpnet-base-v2/e8c3b32edf5434bc2275fc9bab85f82640a19130/sentence_bert_config.json "HTTP/1.1 200 OK"
2026-08-05 01:49:40,543 | INFO | HTTP Request: HEAD https://huggingface.co/sentence-transformers/all-mpnet-base-v2/resolve/main/adapter_config.json "HTTP/1.1 404 Not Found"
2026-08-05 01:49:40,863 | INFO | HTTP Request: HEAD https://huggingface.co/sentence-transformers/all-mpnet-base-v2/resolve/main/config.json "HTTP/1.1 307 Temporary Redirect"
2026-08-05 01:49:40,900 | INFO | HTTP Request: HEAD https://huggingface.co/api/resolve-cache/models/sentence-transformers/all-mpnet-base-v2/e8c3b32edf5434bc2275fc9bab85f82640a19130/config.json "HTTP/1.1 200 OK"
2026-08-05 01:49:41,502 | INFO | HTTP Request: HEAD https://huggingface.co/sentence-transformers/all-mpnet-base-v2/resolve/main/config.json "HTTP/1.1 307 Temporary Redirect"
2026-08-05 01:49:41,536 | INFO | HTTP Request: HEAD https://huggingface.co/api/resolve-cache/models/sentence-transformers/all-mpnet-base-v2/e8c3b32edf5434bc2275fc9bab85f82640a19130/config.json "HTTP/1.1 200 OK"
2026-08-05 01:49:41,769 | INFO | HTTP Request: HEAD https://huggingface.co/sentence-transformers/all-mpnet-base-v2/resolve/main/tokenizer_config.json "HTTP/1.1 307 Temporary Redirect"
2026-08-05 01:49:41,804 | INFO | HTTP Request: HEAD https://huggingface.co/api/resolve-cache/models/sentence-transformers/all-mpnet-base-v2/e8c3b32edf5434bc2275fc9bab85f82640a19130/tokenizer_config.json "HTTP/1.1 200 OK"
2026-08-05 01:49:42,142 | INFO | HTTP Request: GET https://huggingface.co/api/models/sentence-transformers/all-mpnet-base-v2/tree/main/additional_chat_templates?recursive=false&expand=false "HTTP/1.1 404 Not Found"
2026-08-05 01:49:42,471 | INFO | HTTP Request: GET https://huggingface.co/api/models/sentence-transformers/all-mpnet-base-v2/tree/main?recursive=true&expand=false "HTTP/1.1 200 OK"
2026-08-05 01:49:42,830 | INFO | HTTP Request: HEAD https://huggingface.co/sentence-transformers/all-mpnet-base-v2/resolve/main/1_Pooling/config.json "HTTP/1.1 307 Temporary Redirect"
2026-08-05 01:49:42,861 | INFO | HTTP Request: HEAD https://huggingface.co/api/resolve-cache/models/sentence-transformers/all-mpnet-base-v2/e8c3b32edf5434bc2275fc9bab85f82640a19130/1_Pooling%2Fconfig.json "HTTP/1.1 200 OK"
2026-08-05 01:49:43,121 | INFO | HTTP Request: GET https://huggingface.co/api/models/sentence-transformers/all-mpnet-base-v2 "HTTP/1.1 200 OK"
2026-08-05 01:50:02,714 | INFO | QUERY: who is the ceo of swiggy | ANSWER: Lakshmi Nandan Reddy Obul
2026-08-05 01:54:42,973 | INFO | QUERY: What were the consolidated total  expenses in FY24? | ANSWER: 139,474 128,844 Profit/(Loss) after depreciation and other expenses (23,130) (41,699)
2026-08-05 01:55:32,729 | INFO | QUERY: What were the consolidated total  expenses in FY24? | ANSWER: 139,474 128,844 Profit/(Loss) after depreciation and other expenses (23,130) (41,699)
2026-08-05 01:55:38,224 | INFO | QUERY: What were the consolidated total  expenses in FY24? | ANSWER: 139,474 128,844 Profit/(Loss) after depreciation and other expenses (23,130) (41,699)
2026-08-05 01:56:43,078 | INFO | QUERY: How many cities does Swiggy operate in? | ANSWER: 653
2026-08-05 01:56:50,225 | INFO | QUERY: ow many cities does Swiggy operate in? | ANSWER: 653
2026-08-05 01:56:58,573 | INFO | QUERY: ow  cities does Swiggy operate in? | ANSWER: 653 cities
